15:13:04 **** Clean-only build of configuration Debug for project Project ****
make -j8 clean 
rm -rf ./Drivers/STM32L4xx_HAL_Driver/Src/stm32l4xx_hal.d ./Drivers/STM32L4xx_HAL_Driver/Src/stm32l4xx_hal.o ./Drivers/STM32L4xx_HAL_Driver/Src/stm32l4xx_hal.su ./Drivers/STM32L4xx_HAL_Driver/Src/stm32l4xx_hal_adc.d ./Drivers/STM32L4xx_HAL_Driver/Src/stm32l4xx_hal_adc.o ./Drivers/STM32L4xx_HAL_Driver/Src/stm32l4xx_hal_adc.su ./Drivers/STM32L4xx_HAL_Driver/Src/stm32l4xx_hal_adc_ex.d ./Drivers/STM32L4xx_HAL_Driver/Src/stm32l4xx_hal_adc_ex.o ./Drivers/STM32L4xx_HAL_Driver/Src/stm32l4xx_hal_adc_ex.su ./Drivers/STM32L4xx_HAL_Driver/Src/stm32l4xx_hal_cortex.d ./Drivers/STM32L4xx_HAL_Driver/Src/stm32l4xx_hal_cortex.o ./Drivers/STM32L4xx_HAL_Driver/Src/stm32l4xx_hal_cortex.su ./Drivers/STM32L4xx_HAL_Driver/Src/stm32l4xx_hal_dma.d ./Drivers/STM32L4xx_HAL_Driver/Src/stm32l4xx_hal_dma.o ./Drivers/STM32L4xx_HAL_Driver/Src/stm32l4xx_hal_dma.su ./Drivers/STM32L4xx_HAL_Driver/Src/stm32l4xx_hal_dma_ex.d ./Drivers/STM32L4xx_HAL_Driver/Src/stm32l4xx_hal_dma_ex.o ./Drivers/STM32L4xx_HAL_Driver/Src/stm32l4xx_hal_dma_ex.su ./Drivers/STM32L4xx_HAL_Driver/Src/stm32l4xx_hal_exti.d ./Drivers/STM32L4xx_HAL_Driver/Src/stm32l4xx_hal_exti.o ./Drivers/STM32L4xx_HAL_Driver/Src/stm32l4xx_hal_exti.su ./Drivers/STM32L4xx_HAL_Driver/Src/stm32l4xx_hal_flash.d ./Drivers/STM32L4xx_HAL_Driver/Src/stm32l4xx_hal_flash.o ./Drivers/STM32L4xx_HAL_Driver/Src/stm32l4xx_hal_flash.su ./Drivers/STM32L4xx_HAL_Driver/Src/stm32l4xx_hal_flash_ex.d ./Drivers/STM32L4xx_HAL_Driver/Src/stm32l4xx_hal_flash_ex.o ./Drivers/STM32L4xx_HAL_Driver/Src/stm32l4xx_hal_flash_ex.su ./Drivers/STM32L4xx_HAL_Driver/Src/stm32l4xx_hal_flash_ramfunc.d ./Drivers/STM32L4xx_HAL_Driver/Src/stm32l4xx_hal_flash_ramfunc.o ./Drivers/STM32L4xx_HAL_Driver/Src/stm32l4xx_hal_flash_ramfunc.su ./Drivers/STM32L4xx_HAL_Driver/Src/stm32l4xx_hal_gpio.d ./Drivers/STM32L4xx_HAL_Driver/Src/stm32l4xx_hal_gpio.o ./Drivers/STM32L4xx_HAL_Driver/Src/stm32l4xx_hal_gpio.su ./Drivers/STM32L4xx_HAL_Driver/Src/stm32l4xx_hal_i2c.d ./Drivers/STM32L4xx_HAL_Driver/Src/stm32l4xx_hal_i2c.o ./Drivers/STM32L4xx_HAL_Driver/Src/stm32l4xx_hal_i2c.su ./Drivers/STM32L4xx_HAL_Driver/Src/stm32l4xx_hal_i2c_ex.d ./Drivers/STM32L4xx_HAL_Driver/Src/stm32l4xx_hal_i2c_ex.o ./Drivers/STM32L4xx_HAL_Driver/Src/stm32l4xx_hal_i2c_ex.su ./Drivers/STM32L4xx_HAL_Driver/Src/stm32l4xx_hal_pwr.d ./Drivers/STM32L4xx_HAL_Driver/Src/stm32l4xx_hal_pwr.o ./Drivers/STM32L4xx_HAL_Driver/Src/stm32l4xx_hal_pwr.su ./Drivers/STM32L4xx_HAL_Driver/Src/stm32l4xx_hal_pwr_ex.d ./Drivers/STM32L4xx_HAL_Driver/Src/stm32l4xx_hal_pwr_ex.o ./Drivers/STM32L4xx_HAL_Driver/Src/stm32l4xx_hal_pwr_ex.su ./Drivers/STM32L4xx_HAL_Driver/Src/stm32l4xx_hal_rcc.d ./Drivers/STM32L4xx_HAL_Driver/Src/stm32l4xx_hal_rcc.o ./Drivers/STM32L4xx_HAL_Driver/Src/stm32l4xx_hal_rcc.su ./Drivers/STM32L4xx_HAL_Driver/Src/stm32l4xx_hal_rcc_ex.d ./Drivers/STM32L4xx_HAL_Driver/Src/stm32l4xx_hal_rcc_ex.o ./Drivers/STM32L4xx_HAL_Driver/Src/stm32l4xx_hal_rcc_ex.su ./Drivers/STM32L4xx_HAL_Driver/Src/stm32l4xx_hal_spi.d ./Drivers/STM32L4xx_HAL_Driver/Src/stm32l4xx_hal_spi.o ./Drivers/STM32L4xx_HAL_Driver/Src/stm32l4xx_hal_spi.su ./Drivers/STM32L4xx_HAL_Driver/Src/stm32l4xx_hal_spi_ex.d ./Drivers/STM32L4xx_HAL_Driver/Src/stm32l4xx_hal_spi_ex.o ./Drivers/STM32L4xx_HAL_Driver/Src/stm32l4xx_hal_spi_ex.su ./Drivers/STM32L4xx_HAL_Driver/Src/stm32l4xx_hal_tim.d ./Drivers/STM32L4xx_HAL_Driver/Src/stm32l4xx_hal_tim.o ./Drivers/STM32L4xx_HAL_Driver/Src/stm32l4xx_hal_tim.su ./Drivers/STM32L4xx_HAL_Driver/Src/stm32l4xx_hal_tim_ex.d ./Drivers/STM32L4xx_HAL_Driver/Src/stm32l4xx_hal_tim_ex.o ./Drivers/STM32L4xx_HAL_Driver/Src/stm32l4xx_hal_tim_ex.su ./Drivers/STM32L4xx_HAL_Driver/Src/stm32l4xx_hal_uart.d ./Drivers/STM32L4xx_HAL_Driver/Src/stm32l4xx_hal_uart.o ./Drivers/STM32L4xx_HAL_Driver/Src/stm32l4xx_hal_uart.su ./Drivers/STM32L4xx_HAL_Driver/Src/stm32l4xx_hal_uart_ex.d ./Drivers/STM32L4xx_HAL_Driver/Src/stm32l4xx_hal_uart_ex.o ./Drivers/STM32L4xx_HAL_Driver/Src/stm32l4xx_hal_uart_ex.su
rm -rf ./Core/Startup/startup_stm32l4r5zitxp.d ./Core/Startup/startup_stm32l4r5zitxp.o
rm -rf ./Core/Src/main.d ./Core/Src/main.o ./Core/Src/main.su ./Core/Src/stm32l4xx_hal_msp.d ./Core/Src/stm32l4xx_hal_msp.o ./Core/Src/stm32l4xx_hal_msp.su ./Core/Src/stm32l4xx_it.d ./Core/Src/stm32l4xx_it.o ./Core/Src/stm32l4xx_it.su ./Core/Src/syscalls.d ./Core/Src/syscalls.o ./Core/Src/syscalls.su ./Core/Src/sysmem.d ./Core/Src/sysmem.o ./Core/Src/sysmem.su ./Core/Src/system_stm32l4xx.d ./Core/Src/system_stm32l4xx.o ./Core/Src/system_stm32l4xx.su
rm -rf Project.elf Project.list Project.map default.size.stdout
 
15:13:04 **** Build of configuration Debug for project Project ****
make -j8 all 
arm-none-eabi-gcc "../Drivers/STM32L4xx_HAL_Driver/Src/stm32l4xx_hal.c" -mcpu=cortex-m4 -std=gnu11 -g3 -DDEBUG -DUSE_HAL_DRIVER -DSTM32L4R5xx -c -I../Core/Inc -I../Drivers/STM32L4xx_HAL_Driver/Inc -I../Drivers/STM32L4xx_HAL_Driver/Inc/Legacy -I../Drivers/CMSIS/Device/ST/STM32L4xx/Include -I../Drivers/CMSIS/Include -O0 -ffunction-sections -fdata-sections -Wall -fstack-usage -MMD -MP -MF"Drivers/STM32L4xx_HAL_Driver/Src/stm32l4xx_hal.d" -MT"Drivers/STM32L4xx_HAL_Driver/Src/stm32l4xx_hal.o" --specs=nano.specs -mfpu=fpv4-sp-d16 -mfloat-abi=hard -mthumb -o "Drivers/STM32L4xx_HAL_Driver/Src/stm32l4xx_hal.o"
arm-none-eabi-gcc "../Drivers/STM32L4xx_HAL_Driver/Src/stm32l4xx_hal_adc.c" -mcpu=cortex-m4 -std=gnu11 -g3 -DDEBUG -DUSE_HAL_DRIVER -DSTM32L4R5xx -c -I../Core/Inc -I../Drivers/STM32L4xx_HAL_Driver/Inc -I../Drivers/STM32L4xx_HAL_Driver/Inc/Legacy -I../Drivers/CMSIS/Device/ST/STM32L4xx/Include -I../Drivers/CMSIS/Include -O0 -ffunction-sections -fdata-sections -Wall -fstack-usage -MMD -MP -MF"Drivers/STM32L4xx_HAL_Driver/Src/stm32l4xx_hal_adc.d" -MT"Drivers/STM32L4xx_HAL_Driver/Src/stm32l4xx_hal_adc.o" --specs=nano.specs -mfpu=fpv4-sp-d16 -mfloat-abi=hard -mthumb -o "Drivers/STM32L4xx_HAL_Driver/Src/stm32l4xx_hal_adc.o"
arm-none-eabi-gcc "../Drivers/STM32L4xx_HAL_Driver/Src/stm32l4xx_hal_adc_ex.c" -mcpu=cortex-m4 -std=gnu11 -g3 -DDEBUG -DUSE_HAL_DRIVER -DSTM32L4R5xx -c -I../Core/Inc -I../Drivers/STM32L4xx_HAL_Driver/Inc -I../Drivers/STM32L4xx_HAL_Driver/Inc/Legacy -I../Drivers/CMSIS/Device/ST/STM32L4xx/Include -I../Drivers/CMSIS/Include -O0 -ffunction-sections -fdata-sections -Wall -fstack-usage -MMD -MP -MF"Drivers/STM32L4xx_HAL_Driver/Src/stm32l4xx_hal_adc_ex.d" -MT"Drivers/STM32L4xx_HAL_Driver/Src/stm32l4xx_hal_adc_ex.o" --specs=nano.specs -mfpu=fpv4-sp-d16 -mfloat-abi=hard -mthumb -o "Drivers/STM32L4xx_HAL_Driver/Src/stm32l4xx_hal_adc_ex.o"
arm-none-eabi-gcc "../Drivers/STM32L4xx_HAL_Driver/Src/stm32l4xx_hal_cortex.c" -mcpu=cortex-m4 -std=gnu11 -g3 -DDEBUG -DUSE_HAL_DRIVER -DSTM32L4R5xx -c -I../Core/Inc -I../Drivers/STM32L4xx_HAL_Driver/Inc -I../Drivers/STM32L4xx_HAL_Driver/Inc/Legacy -I../Drivers/CMSIS/Device/ST/STM32L4xx/Include -I../Drivers/CMSIS/Include -O0 -ffunction-sections -fdata-sections -Wall -fstack-usage -MMD -MP -MF"Drivers/STM32L4xx_HAL_Driver/Src/stm32l4xx_hal_cortex.d" -MT"Drivers/STM32L4xx_HAL_Driver/Src/stm32l4xx_hal_cortex.o" --specs=nano.specs -mfpu=fpv4-sp-d16 -mfloat-abi=hard -mthumb -o "Drivers/STM32L4xx_HAL_Driver/Src/stm32l4xx_hal_cortex.o"
arm-none-eabi-gcc "../Drivers/STM32L4xx_HAL_Driver/Src/stm32l4xx_hal_dma.c" -mcpu=cortex-m4 -std=gnu11 -g3 -DDEBUG -DUSE_HAL_DRIVER -DSTM32L4R5xx -c -I../Core/Inc -I../Drivers/STM32L4xx_HAL_Driver/Inc -I../Drivers/STM32L4xx_HAL_Driver/Inc/Legacy -I../Drivers/CMSIS/Device/ST/STM32L4xx/Include -I../Drivers/CMSIS/Include -O0 -ffunction-sections -fdata-sections -Wall -fstack-usage -MMD -MP -MF"Drivers/STM32L4xx_HAL_Driver/Src/stm32l4xx_hal_dma.d" -MT"Drivers/STM32L4xx_HAL_Driver/Src/stm32l4xx_hal_dma.o" --specs=nano.specs -mfpu=fpv4-sp-d16 -mfloat-abi=hard -mthumb -o "Drivers/STM32L4xx_HAL_Driver/Src/stm32l4xx_hal_dma.o"
arm-none-eabi-gcc "../Drivers/STM32L4xx_HAL_Driver/Src/stm32l4xx_hal_dma_ex.c" -mcpu=cortex-m4 -std=gnu11 -g3 -DDEBUG -DUSE_HAL_DRIVER -DSTM32L4R5xx -c -I../Core/Inc -I../Drivers/STM32L4xx_HAL_Driver/Inc -I../Drivers/STM32L4xx_HAL_Driver/Inc/Legacy -I../Drivers/CMSIS/Device/ST/STM32L4xx/Include -I../Drivers/CMSIS/Include -O0 -ffunction-sections -fdata-sections -Wall -fstack-usage -MMD -MP -MF"Drivers/STM32L4xx_HAL_Driver/Src/stm32l4xx_hal_dma_ex.d" -MT"Drivers/STM32L4xx_HAL_Driver/Src/stm32l4xx_hal_dma_ex.o" --specs=nano.specs -mfpu=fpv4-sp-d16 -mfloat-abi=hard -mthumb -o "Drivers/STM32L4xx_HAL_Driver/Src/stm32l4xx_hal_dma_ex.o"
arm-none-eabi-gcc "../Drivers/STM32L4xx_HAL_Driver/Src/stm32l4xx_hal_exti.c" -mcpu=cortex-m4 -std=gnu11 -g3 -DDEBUG -DUSE_HAL_DRIVER -DSTM32L4R5xx -c -I../Core/Inc -I../Drivers/STM32L4xx_HAL_Driver/Inc -I../Drivers/STM32L4xx_HAL_Driver/Inc/Legacy -I../Drivers/CMSIS/Device/ST/STM32L4xx/Include -I../Drivers/CMSIS/Include -O0 -ffunction-sections -fdata-sections -Wall -fstack-usage -MMD -MP -MF"Drivers/STM32L4xx_HAL_Driver/Src/stm32l4xx_hal_exti.d" -MT"Drivers/STM32L4xx_HAL_Driver/Src/stm32l4xx_hal_exti.o" --specs=nano.specs -mfpu=fpv4-sp-d16 -mfloat-abi=hard -mthumb -o "Drivers/STM32L4xx_HAL_Driver/Src/stm32l4xx_hal_exti.o"
arm-none-eabi-gcc "../Drivers/STM32L4xx_HAL_Driver/Src/stm32l4xx_hal_flash.c" -mcpu=cortex-m4 -std=gnu11 -g3 -DDEBUG -DUSE_HAL_DRIVER -DSTM32L4R5xx -c -I../Core/Inc -I../Drivers/STM32L4xx_HAL_Driver/Inc -I../Drivers/STM32L4xx_HAL_Driver/Inc/Legacy -I../Drivers/CMSIS/Device/ST/STM32L4xx/Include -I../Drivers/CMSIS/Include -O0 -ffunction-sections -fdata-sections -Wall -fstack-usage -MMD -MP -MF"Drivers/STM32L4xx_HAL_Driver/Src/stm32l4xx_hal_flash.d" -MT"Drivers/STM32L4xx_HAL_Driver/Src/stm32l4xx_hal_flash.o" --specs=nano.specs -mfpu=fpv4-sp-d16 -mfloat-abi=hard -mthumb -o "Drivers/STM32L4xx_HAL_Driver/Src/stm32l4xx_hal_flash.o"
arm-none-eabi-gcc "../Drivers/STM32L4xx_HAL_Driver/Src/stm32l4xx_hal_flash_ex.c" -mcpu=cortex-m4 -std=gnu11 -g3 -DDEBUG -DUSE_HAL_DRIVER -DSTM32L4R5xx -c -I../Core/Inc -I../Drivers/STM32L4xx_HAL_Driver/Inc -I../Drivers/STM32L4xx_HAL_Driver/Inc/Legacy -I../Drivers/CMSIS/Device/ST/STM32L4xx/Include -I../Drivers/CMSIS/Include -O0 -ffunction-sections -fdata-sections -Wall -fstack-usage -MMD -MP -MF"Drivers/STM32L4xx_HAL_Driver/Src/stm32l4xx_hal_flash_ex.d" -MT"Drivers/STM32L4xx_HAL_Driver/Src/stm32l4xx_hal_flash_ex.o" --specs=nano.specs -mfpu=fpv4-sp-d16 -mfloat-abi=hard -mthumb -o "Drivers/STM32L4xx_HAL_Driver/Src/stm32l4xx_hal_flash_ex.o"
arm-none-eabi-gcc "../Drivers/STM32L4xx_HAL_Driver/Src/stm32l4xx_hal_flash_ramfunc.c" -mcpu=cortex-m4 -std=gnu11 -g3 -DDEBUG -DUSE_HAL_DRIVER -DSTM32L4R5xx -c -I../Core/Inc -I../Drivers/STM32L4xx_HAL_Driver/Inc -I../Drivers/STM32L4xx_HAL_Driver/Inc/Legacy -I../Drivers/CMSIS/Device/ST/STM32L4xx/Include -I../Drivers/CMSIS/Include -O0 -ffunction-sections -fdata-sections -Wall -fstack-usage -MMD -MP -MF"Drivers/STM32L4xx_HAL_Driver/Src/stm32l4xx_hal_flash_ramfunc.d" -MT"Drivers/STM32L4xx_HAL_Driver/Src/stm32l4xx_hal_flash_ramfunc.o" --specs=nano.specs -mfpu=fpv4-sp-d16 -mfloat-abi=hard -mthumb -o "Drivers/STM32L4xx_HAL_Driver/Src/stm32l4xx_hal_flash_ramfunc.o"
arm-none-eabi-gcc "../Drivers/STM32L4xx_HAL_Driver/Src/stm32l4xx_hal_gpio.c" -mcpu=cortex-m4 -std=gnu11 -g3 -DDEBUG -DUSE_HAL_DRIVER -DSTM32L4R5xx -c -I../Core/Inc -I../Drivers/STM32L4xx_HAL_Driver/Inc -I../Drivers/STM32L4xx_HAL_Driver/Inc/Legacy -I../Drivers/CMSIS/Device/ST/STM32L4xx/Include -I../Drivers/CMSIS/Include -O0 -ffunction-sections -fdata-sections -Wall -fstack-usage -MMD -MP -MF"Drivers/STM32L4xx_HAL_Driver/Src/stm32l4xx_hal_gpio.d" -MT"Drivers/STM32L4xx_HAL_Driver/Src/stm32l4xx_hal_gpio.o" --specs=nano.specs -mfpu=fpv4-sp-d16 -mfloat-abi=hard -mthumb -o "Drivers/STM32L4xx_HAL_Driver/Src/stm32l4xx_hal_gpio.o"
arm-none-eabi-gcc "../Drivers/STM32L4xx_HAL_Driver/Src/stm32l4xx_hal_i2c.c" -mcpu=cortex-m4 -std=gnu11 -g3 -DDEBUG -DUSE_HAL_DRIVER -DSTM32L4R5xx -c -I../Core/Inc -I../Drivers/STM32L4xx_HAL_Driver/Inc -I../Drivers/STM32L4xx_HAL_Driver/Inc/Legacy -I../Drivers/CMSIS/Device/ST/STM32L4xx/Include -I../Drivers/CMSIS/Include -O0 -ffunction-sections -fdata-sections -Wall -fstack-usage -MMD -MP -MF"Drivers/STM32L4xx_HAL_Driver/Src/stm32l4xx_hal_i2c.d" -MT"Drivers/STM32L4xx_HAL_Driver/Src/stm32l4xx_hal_i2c.o" --specs=nano.specs -mfpu=fpv4-sp-d16 -mfloat-abi=hard -mthumb -o "Drivers/STM32L4xx_HAL_Driver/Src/stm32l4xx_hal_i2c.o"
arm-none-eabi-gcc "../Drivers/STM32L4xx_HAL_Driver/Src/stm32l4xx_hal_i2c_ex.c" -mcpu=cortex-m4 -std=gnu11 -g3 -DDEBUG -DUSE_HAL_DRIVER -DSTM32L4R5xx -c -I../Core/Inc -I../Drivers/STM32L4xx_HAL_Driver/Inc -I../Drivers/STM32L4xx_HAL_Driver/Inc/Legacy -I../Drivers/CMSIS/Device/ST/STM32L4xx/Include -I../Drivers/CMSIS/Include -O0 -ffunction-sections -fdata-sections -Wall -fstack-usage -MMD -MP -MF"Drivers/STM32L4xx_HAL_Driver/Src/stm32l4xx_hal_i2c_ex.d" -MT"Drivers/STM32L4xx_HAL_Driver/Src/stm32l4xx_hal_i2c_ex.o" --specs=nano.specs -mfpu=fpv4-sp-d16 -mfloat-abi=hard -mthumb -o "Drivers/STM32L4xx_HAL_Driver/Src/stm32l4xx_hal_i2c_ex.o"
arm-none-eabi-gcc "../Drivers/STM32L4xx_HAL_Driver/Src/stm32l4xx_hal_pwr.c" -mcpu=cortex-m4 -std=gnu11 -g3 -DDEBUG -DUSE_HAL_DRIVER -DSTM32L4R5xx -c -I../Core/Inc -I../Drivers/STM32L4xx_HAL_Driver/Inc -I../Drivers/STM32L4xx_HAL_Driver/Inc/Legacy -I../Drivers/CMSIS/Device/ST/STM32L4xx/Include -I../Drivers/CMSIS/Include -O0 -ffunction-sections -fdata-sections -Wall -fstack-usage -MMD -MP -MF"Drivers/STM32L4xx_HAL_Driver/Src/stm32l4xx_hal_pwr.d" -MT"Drivers/STM32L4xx_HAL_Driver/Src/stm32l4xx_hal_pwr.o" --specs=nano.specs -mfpu=fpv4-sp-d16 -mfloat-abi=hard -mthumb -o "Drivers/STM32L4xx_HAL_Driver/Src/stm32l4xx_hal_pwr.o"
arm-none-eabi-gcc "../Drivers/STM32L4xx_HAL_Driver/Src/stm32l4xx_hal_pwr_ex.c" -mcpu=cortex-m4 -std=gnu11 -g3 -DDEBUG -DUSE_HAL_DRIVER -DSTM32L4R5xx -c -I../Core/Inc -I../Drivers/STM32L4xx_HAL_Driver/Inc -I../Drivers/STM32L4xx_HAL_Driver/Inc/Legacy -I../Drivers/CMSIS/Device/ST/STM32L4xx/Include -I../Drivers/CMSIS/Include -O0 -ffunction-sections -fdata-sections -Wall -fstack-usage -MMD -MP -MF"Drivers/STM32L4xx_HAL_Driver/Src/stm32l4xx_hal_pwr_ex.d" -MT"Drivers/STM32L4xx_HAL_Driver/Src/stm32l4xx_hal_pwr_ex.o" --specs=nano.specs -mfpu=fpv4-sp-d16 -mfloat-abi=hard -mthumb -o "Drivers/STM32L4xx_HAL_Driver/Src/stm32l4xx_hal_pwr_ex.o"
arm-none-eabi-gcc "../Drivers/STM32L4xx_HAL_Driver/Src/stm32l4xx_hal_rcc.c" -mcpu=cortex-m4 -std=gnu11 -g3 -DDEBUG -DUSE_HAL_DRIVER -DSTM32L4R5xx -c -I../Core/Inc -I../Drivers/STM32L4xx_HAL_Driver/Inc -I../Drivers/STM32L4xx_HAL_Driver/Inc/Legacy -I../Drivers/CMSIS/Device/ST/STM32L4xx/Include -I../Drivers/CMSIS/Include -O0 -ffunction-sections -fdata-sections -Wall -fstack-usage -MMD -MP -MF"Drivers/STM32L4xx_HAL_Driver/Src/stm32l4xx_hal_rcc.d" -MT"Drivers/STM32L4xx_HAL_Driver/Src/stm32l4xx_hal_rcc.o" --specs=nano.specs -mfpu=fpv4-sp-d16 -mfloat-abi=hard -mthumb -o "Drivers/STM32L4xx_HAL_Driver/Src/stm32l4xx_hal_rcc.o"
arm-none-eabi-gcc "../Drivers/STM32L4xx_HAL_Driver/Src/stm32l4xx_hal_rcc_ex.c" -mcpu=cortex-m4 -std=gnu11 -g3 -DDEBUG -DUSE_HAL_DRIVER -DSTM32L4R5xx -c -I../Core/Inc -I../Drivers/STM32L4xx_HAL_Driver/Inc -I../Drivers/STM32L4xx_HAL_Driver/Inc/Legacy -I../Drivers/CMSIS/Device/ST/STM32L4xx/Include -I../Drivers/CMSIS/Include -O0 -ffunction-sections -fdata-sections -Wall -fstack-usage -MMD -MP -MF"Drivers/STM32L4xx_HAL_Driver/Src/stm32l4xx_hal_rcc_ex.d" -MT"Drivers/STM32L4xx_HAL_Driver/Src/stm32l4xx_hal_rcc_ex.o" --specs=nano.specs -mfpu=fpv4-sp-d16 -mfloat-abi=hard -mthumb -o "Drivers/STM32L4xx_HAL_Driver/Src/stm32l4xx_hal_rcc_ex.o"
arm-none-eabi-gcc "../Drivers/STM32L4xx_HAL_Driver/Src/stm32l4xx_hal_spi.c" -mcpu=cortex-m4 -std=gnu11 -g3 -DDEBUG -DUSE_HAL_DRIVER -DSTM32L4R5xx -c -I../Core/Inc -I../Drivers/STM32L4xx_HAL_Driver/Inc -I../Drivers/STM32L4xx_HAL_Driver/Inc/Legacy -I../Drivers/CMSIS/Device/ST/STM32L4xx/Include -I../Drivers/CMSIS/Include -O0 -ffunction-sections -fdata-sections -Wall -fstack-usage -MMD -MP -MF"Drivers/STM32L4xx_HAL_Driver/Src/stm32l4xx_hal_spi.d" -MT"Drivers/STM32L4xx_HAL_Driver/Src/stm32l4xx_hal_spi.o" --specs=nano.specs -mfpu=fpv4-sp-d16 -mfloat-abi=hard -mthumb -o "Drivers/STM32L4xx_HAL_Driver/Src/stm32l4xx_hal_spi.o"
arm-none-eabi-gcc "../Drivers/STM32L4xx_HAL_Driver/Src/stm32l4xx_hal_spi_ex.c" -mcpu=cortex-m4 -std=gnu11 -g3 -DDEBUG -DUSE_HAL_DRIVER -DSTM32L4R5xx -c -I../Core/Inc -I../Drivers/STM32L4xx_HAL_Driver/Inc -I../Drivers/STM32L4xx_HAL_Driver/Inc/Legacy -I../Drivers/CMSIS/Device/ST/STM32L4xx/Include -I../Drivers/CMSIS/Include -O0 -ffunction-sections -fdata-sections -Wall -fstack-usage -MMD -MP -MF"Drivers/STM32L4xx_HAL_Driver/Src/stm32l4xx_hal_spi_ex.d" -MT"Drivers/STM32L4xx_HAL_Driver/Src/stm32l4xx_hal_spi_ex.o" --specs=nano.specs -mfpu=fpv4-sp-d16 -mfloat-abi=hard -mthumb -o "Drivers/STM32L4xx_HAL_Driver/Src/stm32l4xx_hal_spi_ex.o"
arm-none-eabi-gcc "../Drivers/STM32L4xx_HAL_Driver/Src/stm32l4xx_hal_tim.c" -mcpu=cortex-m4 -std=gnu11 -g3 -DDEBUG -DUSE_HAL_DRIVER -DSTM32L4R5xx -c -I../Core/Inc -I../Drivers/STM32L4xx_HAL_Driver/Inc -I../Drivers/STM32L4xx_HAL_Driver/Inc/Legacy -I../Drivers/CMSIS/Device/ST/STM32L4xx/Include -I../Drivers/CMSIS/Include -O0 -ffunction-sections -fdata-sections -Wall -fstack-usage -MMD -MP -MF"Drivers/STM32L4xx_HAL_Driver/Src/stm32l4xx_hal_tim.d" -MT"Drivers/STM32L4xx_HAL_Driver/Src/stm32l4xx_hal_tim.o" --specs=nano.specs -mfpu=fpv4-sp-d16 -mfloat-abi=hard -mthumb -o "Drivers/STM32L4xx_HAL_Driver/Src/stm32l4xx_hal_tim.o"
arm-none-eabi-gcc "../Drivers/STM32L4xx_HAL_Driver/Src/stm32l4xx_hal_tim_ex.c" -mcpu=cortex-m4 -std=gnu11 -g3 -DDEBUG -DUSE_HAL_DRIVER -DSTM32L4R5xx -c -I../Core/Inc -I../Drivers/STM32L4xx_HAL_Driver/Inc -I../Drivers/STM32L4xx_HAL_Driver/Inc/Legacy -I../Drivers/CMSIS/Device/ST/STM32L4xx/Include -I../Drivers/CMSIS/Include -O0 -ffunction-sections -fdata-sections -Wall -fstack-usage -MMD -MP -MF"Drivers/STM32L4xx_HAL_Driver/Src/stm32l4xx_hal_tim_ex.d" -MT"Drivers/STM32L4xx_HAL_Driver/Src/stm32l4xx_hal_tim_ex.o" --specs=nano.specs -mfpu=fpv4-sp-d16 -mfloat-abi=hard -mthumb -o "Drivers/STM32L4xx_HAL_Driver/Src/stm32l4xx_hal_tim_ex.o"
arm-none-eabi-gcc "../Drivers/STM32L4xx_HAL_Driver/Src/stm32l4xx_hal_uart.c" -mcpu=cortex-m4 -std=gnu11 -g3 -DDEBUG -DUSE_HAL_DRIVER -DSTM32L4R5xx -c -I../Core/Inc -I../Drivers/STM32L4xx_HAL_Driver/Inc -I../Drivers/STM32L4xx_HAL_Driver/Inc/Legacy -I../Drivers/CMSIS/Device/ST/STM32L4xx/Include -I../Drivers/CMSIS/Include -O0 -ffunction-sections -fdata-sections -Wall -fstack-usage -MMD -MP -MF"Drivers/STM32L4xx_HAL_Driver/Src/stm32l4xx_hal_uart.d" -MT"Drivers/STM32L4xx_HAL_Driver/Src/stm32l4xx_hal_uart.o" --specs=nano.specs -mfpu=fpv4-sp-d16 -mfloat-abi=hard -mthumb -o "Drivers/STM32L4xx_HAL_Driver/Src/stm32l4xx_hal_uart.o"
arm-none-eabi-gcc "../Drivers/STM32L4xx_HAL_Driver/Src/stm32l4xx_hal_uart_ex.c" -mcpu=cortex-m4 -std=gnu11 -g3 -DDEBUG -DUSE_HAL_DRIVER -DSTM32L4R5xx -c -I../Core/Inc -I../Drivers/STM32L4xx_HAL_Driver/Inc -I../Drivers/STM32L4xx_HAL_Driver/Inc/Legacy -I../Drivers/CMSIS/Device/ST/STM32L4xx/Include -I../Drivers/CMSIS/Include -O0 -ffunction-sections -fdata-sections -Wall -fstack-usage -MMD -MP -MF"Drivers/STM32L4xx_HAL_Driver/Src/stm32l4xx_hal_uart_ex.d" -MT"Drivers/STM32L4xx_HAL_Driver/Src/stm32l4xx_hal_uart_ex.o" --specs=nano.specs -mfpu=fpv4-sp-d16 -mfloat-abi=hard -mthumb -o "Drivers/STM32L4xx_HAL_Driver/Src/stm32l4xx_hal_uart_ex.o"
arm-none-eabi-gcc -mcpu=cortex-m4 -g3 -DDEBUG -c -x assembler-with-cpp -MMD -MP -MF"Core/Startup/startup_stm32l4r5zitxp.d" -MT"Core/Startup/startup_stm32l4r5zitxp.o" --specs=nano.specs -mfpu=fpv4-sp-d16 -mfloat-abi=hard -mthumb -o "Core/Startup/startup_stm32l4r5zitxp.o" "../Core/Startup/startup_stm32l4r5zitxp.s"
arm-none-eabi-gcc "../Core/Src/main.c" -mcpu=cortex-m4 -std=gnu11 -g3 -DDEBUG -DUSE_HAL_DRIVER -DSTM32L4R5xx -c -I../Core/Inc -I../Drivers/STM32L4xx_HAL_Driver/Inc -I../Drivers/STM32L4xx_HAL_Driver/Inc/Legacy -I../Drivers/CMSIS/Device/ST/STM32L4xx/Include -I../Drivers/CMSIS/Include -O0 -ffunction-sections -fdata-sections -Wall -fstack-usage -MMD -MP -MF"Core/Src/main.d" -MT"Core/Src/main.o" --specs=nano.specs -mfpu=fpv4-sp-d16 -mfloat-abi=hard -mthumb -o "Core/Src/main.o"
arm-none-eabi-gcc "../Core/Src/stm32l4xx_hal_msp.c" -mcpu=cortex-m4 -std=gnu11 -g3 -DDEBUG -DUSE_HAL_DRIVER -DSTM32L4R5xx -c -I../Core/Inc -I../Drivers/STM32L4xx_HAL_Driver/Inc -I../Drivers/STM32L4xx_HAL_Driver/Inc/Legacy -I../Drivers/CMSIS/Device/ST/STM32L4xx/Include -I../Drivers/CMSIS/Include -O0 -ffunction-sections -fdata-sections -Wall -fstack-usage -MMD -MP -MF"Core/Src/stm32l4xx_hal_msp.d" -MT"Core/Src/stm32l4xx_hal_msp.o" --specs=nano.specs -mfpu=fpv4-sp-d16 -mfloat-abi=hard -mthumb -o "Core/Src/stm32l4xx_hal_msp.o"
arm-none-eabi-gcc "../Core/Src/stm32l4xx_it.c" -mcpu=cortex-m4 -std=gnu11 -g3 -DDEBUG -DUSE_HAL_DRIVER -DSTM32L4R5xx -c -I../Core/Inc -I../Drivers/STM32L4xx_HAL_Driver/Inc -I../Drivers/STM32L4xx_HAL_Driver/Inc/Legacy -I../Drivers/CMSIS/Device/ST/STM32L4xx/Include -I../Drivers/CMSIS/Include -O0 -ffunction-sections -fdata-sections -Wall -fstack-usage -MMD -MP -MF"Core/Src/stm32l4xx_it.d" -MT"Core/Src/stm32l4xx_it.o" --specs=nano.specs -mfpu=fpv4-sp-d16 -mfloat-abi=hard -mthumb -o "Core/Src/stm32l4xx_it.o"
../Core/Src/main.c: In function 'pixy_init':
../Core/Src/main.c:208:23: warning: implicit declaration of function 'malloc' [-Wimplicit-function-declaration]
  208 |   g_blocks = (Block *)malloc(sizeof(Block)*PIXY_ARRAYSIZE);
      |                       ^~~~~~
../Core/Src/main.c:208:23: warning: incompatible implicit declaration of built-in function 'malloc'
../Core/Src/main.c:72:1: note: include '<stdlib.h>' or provide a declaration of 'malloc'
   71 | #include "stdio.h"
  +++ |+#include <stdlib.h>
   72 | 
arm-none-eabi-gcc "../Core/Src/syscalls.c" -mcpu=cortex-m4 -std=gnu11 -g3 -DDEBUG -DUSE_HAL_DRIVER -DSTM32L4R5xx -c -I../Core/Inc -I../Drivers/STM32L4xx_HAL_Driver/Inc -I../Drivers/STM32L4xx_HAL_Driver/Inc/Legacy -I../Drivers/CMSIS/Device/ST/STM32L4xx/Include -I../Drivers/CMSIS/Include -O0 -ffunction-sections -fdata-sections -Wall -fstack-usage -MMD -MP -MF"Core/Src/syscalls.d" -MT"Core/Src/syscalls.o" --specs=nano.specs -mfpu=fpv4-sp-d16 -mfloat-abi=hard -mthumb -o "Core/Src/syscalls.o"
../Core/Src/main.c: In function 'UpdateState':
../Core/Src/main.c:262:3: warning: implicit declaration of function 'ResetAverage' [-Wimplicit-function-declaration]
  262 |   ResetAverage();
      |   ^~~~~~~~~~~~
../Core/Src/main.c: At top level:
../Core/Src/main.c:322:6: warning: conflicting types for 'ResetAverage'
  322 | void ResetAverage()
      |      ^~~~~~~~~~~~
../Core/Src/main.c:262:3: note: previous implicit declaration of 'ResetAverage' was here
  262 |   ResetAverage();
      |   ^~~~~~~~~~~~
../Core/Src/main.c: In function 'UpdateWheels':
../Core/Src/main.c:450:24: warning: unsigned conversion from 'int' to 'uint8_t' {aka 'unsigned char'} changes value from '480' to '224' [-Woverflow]
  450 |   UpdateWheelSpeed(-1, 480, speed / 2); // -1 and 480 are just arbitrary, they need to be outside the pixy cam's x range
      |                        ^~~
../Core/Src/main.c: In function 'CheckIR':
../Core/Src/main.c:472:18: warning: implicit declaration of function 'exp' [-Wimplicit-function-declaration]
  472 |  float distVal = exp((log(adcVal) - 10.66) / (-1.123));
      |                  ^~~
../Core/Src/main.c:472:18: warning: incompatible implicit declaration of built-in function 'exp'
../Core/Src/main.c:72:1: note: include '<math.h>' or provide a declaration of 'exp'
   71 | #include "stdio.h"
  +++ |+#include <math.h>
   72 | 
../Core/Src/main.c:472:23: warning: implicit declaration of function 'log' [-Wimplicit-function-declaration]
  472 |  float distVal = exp((log(adcVal) - 10.66) / (-1.123));
      |                       ^~~
../Core/Src/main.c:472:23: warning: incompatible implicit declaration of built-in function 'log'
../Core/Src/main.c:472:23: note: include '<math.h>' or provide a declaration of 'log'
arm-none-eabi-gcc "../Core/Src/sysmem.c" -mcpu=cortex-m4 -std=gnu11 -g3 -DDEBUG -DUSE_HAL_DRIVER -DSTM32L4R5xx -c -I../Core/Inc -I../Drivers/STM32L4xx_HAL_Driver/Inc -I../Drivers/STM32L4xx_HAL_Driver/Inc/Legacy -I../Drivers/CMSIS/Device/ST/STM32L4xx/Include -I../Drivers/CMSIS/Include -O0 -ffunction-sections -fdata-sections -Wall -fstack-usage -MMD -MP -MF"Core/Src/sysmem.d" -MT"Core/Src/sysmem.o" --specs=nano.specs -mfpu=fpv4-sp-d16 -mfloat-abi=hard -mthumb -o "Core/Src/sysmem.o"
../Core/Src/main.c: In function 'main':
../Core/Src/main.c:657:5: warning: "/*" within comment [-Wcomment]
  657 |    //*
      |      
../Core/Src/main.c: In function 'getBlocks':
../Core/Src/main.c:204:1: warning: control reaches end of non-void function [-Wreturn-type]
  204 | }
      | ^
arm-none-eabi-gcc "../Core/Src/system_stm32l4xx.c" -mcpu=cortex-m4 -std=gnu11 -g3 -DDEBUG -DUSE_HAL_DRIVER -DSTM32L4R5xx -c -I../Core/Inc -I../Drivers/STM32L4xx_HAL_Driver/Inc -I../Drivers/STM32L4xx_HAL_Driver/Inc/Legacy -I../Drivers/CMSIS/Device/ST/STM32L4xx/Include -I../Drivers/CMSIS/Include -O0 -ffunction-sections -fdata-sections -Wall -fstack-usage -MMD -MP -MF"Core/Src/system_stm32l4xx.d" -MT"Core/Src/system_stm32l4xx.o" --specs=nano.specs -mfpu=fpv4-sp-d16 -mfloat-abi=hard -mthumb -o "Core/Src/system_stm32l4xx.o"
arm-none-eabi-gcc -o "Project.elf" @"objects.list"   -mcpu=cortex-m4 -T"D:\EECS373\CatchBot\eecs373_CatchBot\Project\STM32L4R5ZITXP_FLASH.ld" --specs=nosys.specs -Wl,-Map="Project.map" -Wl,--gc-sections -static --specs=nano.specs -mfpu=fpv4-sp-d16 -mfloat-abi=hard -mthumb -u _printf_float -Wl,--start-group -lc -lm -Wl,--end-group
Finished building target: Project.elf
 
arm-none-eabi-size   Project.elf 
arm-none-eabi-objdump -h -S  Project.elf  > "Project.list"
   text	   data	    bss	    dec	    hex	filename
  45452	    484	   2204	  48140	   bc0c	Project.elf
Finished building: default.size.stdout
 
Finished building: Project.list
 
15:15:22 **** Incremental Build of configuration Debug for project Project ****
make -j8 all 
arm-none-eabi-gcc "../Core/Src/main.c" -mcpu=cortex-m4 -std=gnu11 -g3 -DDEBUG -DUSE_HAL_DRIVER -DSTM32L4R5xx -c -I../Core/Inc -I../Drivers/STM32L4xx_HAL_Driver/Inc -I../Drivers/STM32L4xx_HAL_Driver/Inc/Legacy -I../Drivers/CMSIS/Device/ST/STM32L4xx/Include -I../Drivers/CMSIS/Include -O0 -ffunction-sections -fdata-sections -Wall -fstack-usage -MMD -MP -MF"Core/Src/main.d" -MT"Core/Src/main.o" --specs=nano.specs -mfpu=fpv4-sp-d16 -mfloat-abi=hard -mthumb -o "Core/Src/main.o"
../Core/Src/main.c: In function 'pixy_init':
../Core/Src/main.c:208:23: warning: implicit declaration of function 'malloc' [-Wimplicit-function-declaration]
  208 |   g_blocks = (Block *)malloc(sizeof(Block)*PIXY_ARRAYSIZE);
      |                       ^~~~~~
../Core/Src/main.c:208:23: warning: incompatible implicit declaration of built-in function 'malloc'
../Core/Src/main.c:72:1: note: include '<stdlib.h>' or provide a declaration of 'malloc'
   71 | #include "stdio.h"
  +++ |+#include <stdlib.h>
   72 | 
../Core/Src/main.c: In function 'UpdateState':
../Core/Src/main.c:262:3: warning: implicit declaration of function 'ResetAverage' [-Wimplicit-function-declaration]
  262 |   ResetAverage();
      |   ^~~~~~~~~~~~
../Core/Src/main.c: At top level:
../Core/Src/main.c:322:6: warning: conflicting types for 'ResetAverage'
  322 | void ResetAverage()
      |      ^~~~~~~~~~~~
../Core/Src/main.c:262:3: note: previous implicit declaration of 'ResetAverage' was here
  262 |   ResetAverage();
      |   ^~~~~~~~~~~~
../Core/Src/main.c: In function 'UpdateWheels':
../Core/Src/main.c:450:24: warning: unsigned conversion from 'int' to 'uint8_t' {aka 'unsigned char'} changes value from '480' to '224' [-Woverflow]
  450 |   UpdateWheelSpeed(-1, 480, speed / 2); // -1 and 480 are just arbitrary, they need to be outside the pixy cam's x range
      |                        ^~~
../Core/Src/main.c: In function 'CheckIR':
../Core/Src/main.c:472:18: warning: implicit declaration of function 'exp' [-Wimplicit-function-declaration]
  472 |  float distVal = exp((log(adcVal) - 10.66) / (-1.123));
      |                  ^~~
../Core/Src/main.c:472:18: warning: incompatible implicit declaration of built-in function 'exp'
../Core/Src/main.c:72:1: note: include '<math.h>' or provide a declaration of 'exp'
   71 | #include "stdio.h"
  +++ |+#include <math.h>
   72 | 
../Core/Src/main.c:472:23: warning: implicit declaration of function 'log' [-Wimplicit-function-declaration]
  472 |  float distVal = exp((log(adcVal) - 10.66) / (-1.123));
      |                       ^~~
../Core/Src/main.c:472:23: warning: incompatible implicit declaration of built-in function 'log'
../Core/Src/main.c:472:23: note: include '<math.h>' or provide a declaration of 'log'
../Core/Src/main.c: In function 'main':
../Core/Src/main.c:658:5: warning: "/*" within comment [-Wcomment]
  658 |    //*
      |      
../Core/Src/main.c: In function 'getBlocks':
../Core/Src/main.c:204:1: warning: control reaches end of non-void function [-Wreturn-type]
  204 | }
      | ^
arm-none-eabi-gcc -o "Project.elf" @"objects.list"   -mcpu=cortex-m4 -T"D:\EECS373\CatchBot\eecs373_CatchBot\Project\STM32L4R5ZITXP_FLASH.ld" --specs=nosys.specs -Wl,-Map="Project.map" -Wl,--gc-sections -static --specs=nano.specs -mfpu=fpv4-sp-d16 -mfloat-abi=hard -mthumb -u _printf_float -Wl,--start-group -lc -lm -Wl,--end-group
Finished building target: Project.elf
 
arm-none-eabi-size   Project.elf 
arm-none-eabi-objdump -h -S  Project.elf  > "Project.list"
   text	   data	    bss	    dec	    hex	filename
  45532	    484	   2204	  48220	   bc5c	Project.elf
Finished building: default.size.stdout
 
Finished building: Project.list
 
15:15:48 **** Incremental Build of configuration Debug for project Project ****
make -j8 all 
arm-none-eabi-gcc "../Core/Src/main.c" -mcpu=cortex-m4 -std=gnu11 -g3 -DDEBUG -DUSE_HAL_DRIVER -DSTM32L4R5xx -c -I../Core/Inc -I../Drivers/STM32L4xx_HAL_Driver/Inc -I../Drivers/STM32L4xx_HAL_Driver/Inc/Legacy -I../Drivers/CMSIS/Device/ST/STM32L4xx/Include -I../Drivers/CMSIS/Include -O0 -ffunction-sections -fdata-sections -Wall -fstack-usage -MMD -MP -MF"Core/Src/main.d" -MT"Core/Src/main.o" --specs=nano.specs -mfpu=fpv4-sp-d16 -mfloat-abi=hard -mthumb -o "Core/Src/main.o"
../Core/Src/main.c: In function 'pixy_init':
../Core/Src/main.c:208:23: warning: implicit declaration of function 'malloc' [-Wimplicit-function-declaration]
  208 |   g_blocks = (Block *)malloc(sizeof(Block)*PIXY_ARRAYSIZE);
      |                       ^~~~~~
../Core/Src/main.c:208:23: warning: incompatible implicit declaration of built-in function 'malloc'
../Core/Src/main.c:72:1: note: include '<stdlib.h>' or provide a declaration of 'malloc'
   71 | #include "stdio.h"
  +++ |+#include <stdlib.h>
   72 | 
../Core/Src/main.c: In function 'UpdateState':
../Core/Src/main.c:262:3: warning: implicit declaration of function 'ResetAverage' [-Wimplicit-function-declaration]
  262 |   ResetAverage();
      |   ^~~~~~~~~~~~
../Core/Src/main.c: At top level:
../Core/Src/main.c:322:6: warning: conflicting types for 'ResetAverage'
  322 | void ResetAverage()
      |      ^~~~~~~~~~~~
../Core/Src/main.c:262:3: note: previous implicit declaration of 'ResetAverage' was here
  262 |   ResetAverage();
      |   ^~~~~~~~~~~~
../Core/Src/main.c: In function 'UpdateWheels':
../Core/Src/main.c:450:24: warning: unsigned conversion from 'int' to 'uint8_t' {aka 'unsigned char'} changes value from '480' to '224' [-Woverflow]
  450 |   UpdateWheelSpeed(-1, 480, speed / 2); // -1 and 480 are just arbitrary, they need to be outside the pixy cam's x range
      |                        ^~~
../Core/Src/main.c: In function 'CheckIR':
../Core/Src/main.c:472:18: warning: implicit declaration of function 'exp' [-Wimplicit-function-declaration]
  472 |  float distVal = exp((log(adcVal) - 10.66) / (-1.123));
      |                  ^~~
../Core/Src/main.c:472:18: warning: incompatible implicit declaration of built-in function 'exp'
../Core/Src/main.c:72:1: note: include '<math.h>' or provide a declaration of 'exp'
   71 | #include "stdio.h"
  +++ |+#include <math.h>
   72 | 
../Core/Src/main.c:472:23: warning: implicit declaration of function 'log' [-Wimplicit-function-declaration]
  472 |  float distVal = exp((log(adcVal) - 10.66) / (-1.123));
      |                       ^~~
../Core/Src/main.c:472:23: warning: incompatible implicit declaration of built-in function 'log'
../Core/Src/main.c:472:23: note: include '<math.h>' or provide a declaration of 'log'
../Core/Src/main.c: In function 'main':
../Core/Src/main.c:658:5: warning: "/*" within comment [-Wcomment]
  658 |    //*
      |      
../Core/Src/main.c: In function 'getBlocks':
../Core/Src/main.c:204:1: warning: control reaches end of non-void function [-Wreturn-type]
  204 | }
      | ^
arm-none-eabi-gcc -o "Project.elf" @"objects.list"   -mcpu=cortex-m4 -T"D:\EECS373\CatchBot\eecs373_CatchBot\Project\STM32L4R5ZITXP_FLASH.ld" --specs=nosys.specs -Wl,-Map="Project.map" -Wl,--gc-sections -static --specs=nano.specs -mfpu=fpv4-sp-d16 -mfloat-abi=hard -mthumb -u _printf_float -Wl,--start-group -lc -lm -Wl,--end-group
Finished building target: Project.elf
 
arm-none-eabi-size   Project.elf 
arm-none-eabi-objdump -h -S  Project.elf  > "Project.list"
   text	   data	    bss	    dec	    hex	filename
  45532	    484	   2204	  48220	   bc5c	Project.elf
Finished building: default.size.stdout
 
Finished building: Project.list
 
15:22:48 **** Incremental Build of configuration Debug for project Project ****
make -j8 all 
arm-none-eabi-gcc "../Core/Src/main.c" -mcpu=cortex-m4 -std=gnu11 -g3 -DDEBUG -DUSE_HAL_DRIVER -DSTM32L4R5xx -c -I../Core/Inc -I../Drivers/STM32L4xx_HAL_Driver/Inc -I../Drivers/STM32L4xx_HAL_Driver/Inc/Legacy -I../Drivers/CMSIS/Device/ST/STM32L4xx/Include -I../Drivers/CMSIS/Include -O0 -ffunction-sections -fdata-sections -Wall -fstack-usage -MMD -MP -MF"Core/Src/main.d" -MT"Core/Src/main.o" --specs=nano.specs -mfpu=fpv4-sp-d16 -mfloat-abi=hard -mthumb -o "Core/Src/main.o"
../Core/Src/main.c: In function 'pixy_init':
../Core/Src/main.c:208:23: warning: implicit declaration of function 'malloc' [-Wimplicit-function-declaration]
  208 |   g_blocks = (Block *)malloc(sizeof(Block)*PIXY_ARRAYSIZE);
      |                       ^~~~~~
../Core/Src/main.c:208:23: warning: incompatible implicit declaration of built-in function 'malloc'
../Core/Src/main.c:72:1: note: include '<stdlib.h>' or provide a declaration of 'malloc'
   71 | #include "stdio.h"
  +++ |+#include <stdlib.h>
   72 | 
../Core/Src/main.c: In function 'UpdateState':
../Core/Src/main.c:262:3: warning: implicit declaration of function 'ResetAverage' [-Wimplicit-function-declaration]
  262 |   ResetAverage();
      |   ^~~~~~~~~~~~
../Core/Src/main.c: At top level:
../Core/Src/main.c:322:6: warning: conflicting types for 'ResetAverage'
  322 | void ResetAverage()
      |      ^~~~~~~~~~~~
../Core/Src/main.c:262:3: note: previous implicit declaration of 'ResetAverage' was here
  262 |   ResetAverage();
      |   ^~~~~~~~~~~~
../Core/Src/main.c: In function 'UpdateWheels':
../Core/Src/main.c:451:24: warning: unsigned conversion from 'int' to 'uint8_t' {aka 'unsigned char'} changes value from '480' to '224' [-Woverflow]
  451 |   UpdateWheelSpeed(-1, 480, speed / 2); // -1 and 480 are just arbitrary, they need to be outside the pixy cam's x range
      |                        ^~~
../Core/Src/main.c: In function 'CheckIR':
../Core/Src/main.c:473:18: warning: implicit declaration of function 'exp' [-Wimplicit-function-declaration]
  473 |  float distVal = exp((log(adcVal) - 10.66) / (-1.123));
      |                  ^~~
../Core/Src/main.c:473:18: warning: incompatible implicit declaration of built-in function 'exp'
../Core/Src/main.c:72:1: note: include '<math.h>' or provide a declaration of 'exp'
   71 | #include "stdio.h"
  +++ |+#include <math.h>
   72 | 
../Core/Src/main.c:473:23: warning: implicit declaration of function 'log' [-Wimplicit-function-declaration]
  473 |  float distVal = exp((log(adcVal) - 10.66) / (-1.123));
      |                       ^~~
../Core/Src/main.c:473:23: warning: incompatible implicit declaration of built-in function 'log'
../Core/Src/main.c:473:23: note: include '<math.h>' or provide a declaration of 'log'
../Core/Src/main.c: In function 'main':
../Core/Src/main.c:659:5: warning: "/*" within comment [-Wcomment]
  659 |    //*
      |      
../Core/Src/main.c: In function 'getBlocks':
../Core/Src/main.c:204:1: warning: control reaches end of non-void function [-Wreturn-type]
  204 | }
      | ^
arm-none-eabi-gcc -o "Project.elf" @"objects.list"   -mcpu=cortex-m4 -T"D:\EECS373\CatchBot\eecs373_CatchBot\Project\STM32L4R5ZITXP_FLASH.ld" --specs=nosys.specs -Wl,-Map="Project.map" -Wl,--gc-sections -static --specs=nano.specs -mfpu=fpv4-sp-d16 -mfloat-abi=hard -mthumb -u _printf_float -Wl,--start-group -lc -lm -Wl,--end-group
Finished building target: Project.elf
 
arm-none-eabi-size   Project.elf 
arm-none-eabi-objdump -h -S  Project.elf  > "Project.list"
   text	   data	    bss	    dec	    hex	filename
  45572	    484	   2204	  48260	   bc84	Project.elf
Finished building: default.size.stdout
 
Finished building: Project.list
 
15:24:03 **** Incremental Build of configuration Debug for project Project ****
make -j8 all 
arm-none-eabi-gcc "../Core/Src/main.c" -mcpu=cortex-m4 -std=gnu11 -g3 -DDEBUG -DUSE_HAL_DRIVER -DSTM32L4R5xx -c -I../Core/Inc -I../Drivers/STM32L4xx_HAL_Driver/Inc -I../Drivers/STM32L4xx_HAL_Driver/Inc/Legacy -I../Drivers/CMSIS/Device/ST/STM32L4xx/Include -I../Drivers/CMSIS/Include -O0 -ffunction-sections -fdata-sections -Wall -fstack-usage -MMD -MP -MF"Core/Src/main.d" -MT"Core/Src/main.o" --specs=nano.specs -mfpu=fpv4-sp-d16 -mfloat-abi=hard -mthumb -o "Core/Src/main.o"
../Core/Src/main.c: In function 'pixy_init':
../Core/Src/main.c:208:23: warning: implicit declaration of function 'malloc' [-Wimplicit-function-declaration]
  208 |   g_blocks = (Block *)malloc(sizeof(Block)*PIXY_ARRAYSIZE);
      |                       ^~~~~~
../Core/Src/main.c:208:23: warning: incompatible implicit declaration of built-in function 'malloc'
../Core/Src/main.c:72:1: note: include '<stdlib.h>' or provide a declaration of 'malloc'
   71 | #include "stdio.h"
  +++ |+#include <stdlib.h>
   72 | 
../Core/Src/main.c: In function 'UpdateState':
../Core/Src/main.c:262:3: warning: implicit declaration of function 'ResetAverage' [-Wimplicit-function-declaration]
  262 |   ResetAverage();
      |   ^~~~~~~~~~~~
../Core/Src/main.c: At top level:
../Core/Src/main.c:322:6: warning: conflicting types for 'ResetAverage'
  322 | void ResetAverage()
      |      ^~~~~~~~~~~~
../Core/Src/main.c:262:3: note: previous implicit declaration of 'ResetAverage' was here
  262 |   ResetAverage();
      |   ^~~~~~~~~~~~
../Core/Src/main.c: In function 'UpdateWheels':
../Core/Src/main.c:451:24: warning: unsigned conversion from 'int' to 'uint8_t' {aka 'unsigned char'} changes value from '480' to '224' [-Woverflow]
  451 |   UpdateWheelSpeed(-1, 480, speed / 2); // -1 and 480 are just arbitrary, they need to be outside the pixy cam's x range
      |                        ^~~
../Core/Src/main.c: In function 'CheckIR':
../Core/Src/main.c:473:18: warning: implicit declaration of function 'exp' [-Wimplicit-function-declaration]
  473 |  float distVal = exp((log(adcVal) - 10.66) / (-1.123));
      |                  ^~~
../Core/Src/main.c:473:18: warning: incompatible implicit declaration of built-in function 'exp'
../Core/Src/main.c:72:1: note: include '<math.h>' or provide a declaration of 'exp'
   71 | #include "stdio.h"
  +++ |+#include <math.h>
   72 | 
../Core/Src/main.c:473:23: warning: implicit declaration of function 'log' [-Wimplicit-function-declaration]
  473 |  float distVal = exp((log(adcVal) - 10.66) / (-1.123));
      |                       ^~~
../Core/Src/main.c:473:23: warning: incompatible implicit declaration of built-in function 'log'
../Core/Src/main.c:473:23: note: include '<math.h>' or provide a declaration of 'log'
../Core/Src/main.c: In function 'main':
../Core/Src/main.c:659:5: warning: "/*" within comment [-Wcomment]
  659 |    //*
      |      
../Core/Src/main.c: In function 'getBlocks':
../Core/Src/main.c:204:1: warning: control reaches end of non-void function [-Wreturn-type]
  204 | }
      | ^
arm-none-eabi-gcc -o "Project.elf" @"objects.list"   -mcpu=cortex-m4 -T"D:\EECS373\CatchBot\eecs373_CatchBot\Project\STM32L4R5ZITXP_FLASH.ld" --specs=nosys.specs -Wl,-Map="Project.map" -Wl,--gc-sections -static --specs=nano.specs -mfpu=fpv4-sp-d16 -mfloat-abi=hard -mthumb -u _printf_float -Wl,--start-group -lc -lm -Wl,--end-group
Finished building target: Project.elf
 
arm-none-eabi-size   Project.elf 
arm-none-eabi-objdump -h -S  Project.elf  > "Project.list"
   text	   data	    bss	    dec	    hex	filename
  45532	    484	   2204	  48220	   bc5c	Project.elf
Finished building: default.size.stdout
 
Finished building: Project.list
 
15:35:22 **** Incremental Build of configuration Debug for project Project ****
make -j8 all 
arm-none-eabi-gcc "../Core/Src/main.c" -mcpu=cortex-m4 -std=gnu11 -g3 -DDEBUG -DUSE_HAL_DRIVER -DSTM32L4R5xx -c -I../Core/Inc -I../Drivers/STM32L4xx_HAL_Driver/Inc -I../Drivers/STM32L4xx_HAL_Driver/Inc/Legacy -I../Drivers/CMSIS/Device/ST/STM32L4xx/Include -I../Drivers/CMSIS/Include -O0 -ffunction-sections -fdata-sections -Wall -fstack-usage -MMD -MP -MF"Core/Src/main.d" -MT"Core/Src/main.o" --specs=nano.specs -mfpu=fpv4-sp-d16 -mfloat-abi=hard -mthumb -o "Core/Src/main.o"
../Core/Src/main.c: In function 'pixy_init':
../Core/Src/main.c:208:23: warning: implicit declaration of function 'malloc' [-Wimplicit-function-declaration]
  208 |   g_blocks = (Block *)malloc(sizeof(Block)*PIXY_ARRAYSIZE);
      |                       ^~~~~~
../Core/Src/main.c:208:23: warning: incompatible implicit declaration of built-in function 'malloc'
../Core/Src/main.c:72:1: note: include '<stdlib.h>' or provide a declaration of 'malloc'
   71 | #include "stdio.h"
  +++ |+#include <stdlib.h>
   72 | 
../Core/Src/main.c: In function 'UpdateState':
../Core/Src/main.c:262:3: warning: implicit declaration of function 'ResetAverage' [-Wimplicit-function-declaration]
  262 |   ResetAverage();
      |   ^~~~~~~~~~~~
../Core/Src/main.c: At top level:
../Core/Src/main.c:322:6: warning: conflicting types for 'ResetAverage'
  322 | void ResetAverage()
      |      ^~~~~~~~~~~~
../Core/Src/main.c:262:3: note: previous implicit declaration of 'ResetAverage' was here
  262 |   ResetAverage();
      |   ^~~~~~~~~~~~
../Core/Src/main.c: In function 'UpdateWheels':
../Core/Src/main.c:451:24: warning: unsigned conversion from 'int' to 'uint8_t' {aka 'unsigned char'} changes value from '480' to '224' [-Woverflow]
  451 |   UpdateWheelSpeed(-1, 480, speed + WHEEL_SPEED_ZERO / 2); // -1 and 480 are just arbitrary, they need to be outside the pixy cam's x range
      |                        ^~~
../Core/Src/main.c: In function 'CheckIR':
../Core/Src/main.c:473:18: warning: implicit declaration of function 'exp' [-Wimplicit-function-declaration]
  473 |  float distVal = exp((log(adcVal) - 10.66) / (-1.123));
      |                  ^~~
../Core/Src/main.c:473:18: warning: incompatible implicit declaration of built-in function 'exp'
../Core/Src/main.c:72:1: note: include '<math.h>' or provide a declaration of 'exp'
   71 | #include "stdio.h"
  +++ |+#include <math.h>
   72 | 
../Core/Src/main.c:473:23: warning: implicit declaration of function 'log' [-Wimplicit-function-declaration]
  473 |  float distVal = exp((log(adcVal) - 10.66) / (-1.123));
      |                       ^~~
../Core/Src/main.c:473:23: warning: incompatible implicit declaration of built-in function 'log'
../Core/Src/main.c:473:23: note: include '<math.h>' or provide a declaration of 'log'
../Core/Src/main.c: In function 'main':
../Core/Src/main.c:659:5: warning: "/*" within comment [-Wcomment]
  659 |    //*
      |      
../Core/Src/main.c: In function 'getBlocks':
../Core/Src/main.c:204:1: warning: control reaches end of non-void function [-Wreturn-type]
  204 | }
      | ^
arm-none-eabi-gcc -o "Project.elf" @"objects.list"   -mcpu=cortex-m4 -T"D:\EECS373\CatchBot\eecs373_CatchBot\Project\STM32L4R5ZITXP_FLASH.ld" --specs=nosys.specs -Wl,-Map="Project.map" -Wl,--gc-sections -static --specs=nano.specs -mfpu=fpv4-sp-d16 -mfloat-abi=hard -mthumb -u _printf_float -Wl,--start-group -lc -lm -Wl,--end-group
Finished building target: Project.elf
 
arm-none-eabi-size   Project.elf 
arm-none-eabi-objdump -h -S  Project.elf  > "Project.list"
   text	   data	    bss	    dec	    hex	filename
  45532	    484	   2204	  48220	   bc5c	Project.elf
Finished building: default.size.stdout
 
Finished building: Project.list
 
15:36:49 **** Incremental Build of configuration Debug for project Project ****
make -j8 all 
arm-none-eabi-gcc "../Core/Src/main.c" -mcpu=cortex-m4 -std=gnu11 -g3 -DDEBUG -DUSE_HAL_DRIVER -DSTM32L4R5xx -c -I../Core/Inc -I../Drivers/STM32L4xx_HAL_Driver/Inc -I../Drivers/STM32L4xx_HAL_Driver/Inc/Legacy -I../Drivers/CMSIS/Device/ST/STM32L4xx/Include -I../Drivers/CMSIS/Include -O0 -ffunction-sections -fdata-sections -Wall -fstack-usage -MMD -MP -MF"Core/Src/main.d" -MT"Core/Src/main.o" --specs=nano.specs -mfpu=fpv4-sp-d16 -mfloat-abi=hard -mthumb -o "Core/Src/main.o"
../Core/Src/main.c: In function 'pixy_init':
../Core/Src/main.c:208:23: warning: implicit declaration of function 'malloc' [-Wimplicit-function-declaration]
  208 |   g_blocks = (Block *)malloc(sizeof(Block)*PIXY_ARRAYSIZE);
      |                       ^~~~~~
../Core/Src/main.c:208:23: warning: incompatible implicit declaration of built-in function 'malloc'
../Core/Src/main.c:72:1: note: include '<stdlib.h>' or provide a declaration of 'malloc'
   71 | #include "stdio.h"
  +++ |+#include <stdlib.h>
   72 | 
../Core/Src/main.c: In function 'UpdateState':
../Core/Src/main.c:262:3: warning: implicit declaration of function 'ResetAverage' [-Wimplicit-function-declaration]
  262 |   ResetAverage();
      |   ^~~~~~~~~~~~
../Core/Src/main.c: At top level:
../Core/Src/main.c:322:6: warning: conflicting types for 'ResetAverage'
  322 | void ResetAverage()
      |      ^~~~~~~~~~~~
../Core/Src/main.c:262:3: note: previous implicit declaration of 'ResetAverage' was here
  262 |   ResetAverage();
      |   ^~~~~~~~~~~~
../Core/Src/main.c: In function 'UpdateWheels':
../Core/Src/main.c:451:24: warning: unsigned conversion from 'int' to 'uint8_t' {aka 'unsigned char'} changes value from '480' to '224' [-Woverflow]
  451 |   UpdateWheelSpeed(-1, 480, speed + WHEEL_SPEED_ZERO / 2); // -1 and 480 are just arbitrary, they need to be outside the pixy cam's x range
      |                        ^~~
../Core/Src/main.c: In function 'CheckIR':
../Core/Src/main.c:473:18: warning: implicit declaration of function 'exp' [-Wimplicit-function-declaration]
  473 |  float distVal = exp((log(adcVal) - 10.66) / (-1.123));
      |                  ^~~
../Core/Src/main.c:473:18: warning: incompatible implicit declaration of built-in function 'exp'
../Core/Src/main.c:72:1: note: include '<math.h>' or provide a declaration of 'exp'
   71 | #include "stdio.h"
  +++ |+#include <math.h>
   72 | 
../Core/Src/main.c:473:23: warning: implicit declaration of function 'log' [-Wimplicit-function-declaration]
  473 |  float distVal = exp((log(adcVal) - 10.66) / (-1.123));
      |                       ^~~
../Core/Src/main.c:473:23: warning: incompatible implicit declaration of built-in function 'log'
../Core/Src/main.c:473:23: note: include '<math.h>' or provide a declaration of 'log'
../Core/Src/main.c: In function 'main':
../Core/Src/main.c:659:5: warning: "/*" within comment [-Wcomment]
  659 |    //*
      |      
../Core/Src/main.c: In function 'getBlocks':
../Core/Src/main.c:204:1: warning: control reaches end of non-void function [-Wreturn-type]
  204 | }
      | ^
arm-none-eabi-gcc -o "Project.elf" @"objects.list"   -mcpu=cortex-m4 -T"D:\EECS373\CatchBot\eecs373_CatchBot\Project\STM32L4R5ZITXP_FLASH.ld" --specs=nosys.specs -Wl,-Map="Project.map" -Wl,--gc-sections -static --specs=nano.specs -mfpu=fpv4-sp-d16 -mfloat-abi=hard -mthumb -u _printf_float -Wl,--start-group -lc -lm -Wl,--end-group
Finished building target: Project.elf
 
arm-none-eabi-size   Project.elf 
arm-none-eabi-objdump -h -S  Project.elf  > "Project.list"
   text	   data	    bss	    dec	    hex	filename
  45532	    484	   2204	  48220	   bc5c	Project.elf
Finished building: default.size.stdout
 
Finished building: Project.list
 
15:38:58 **** Incremental Build of configuration Debug for project Project ****
make -j8 all 
arm-none-eabi-gcc "../Core/Src/main.c" -mcpu=cortex-m4 -std=gnu11 -g3 -DDEBUG -DUSE_HAL_DRIVER -DSTM32L4R5xx -c -I../Core/Inc -I../Drivers/STM32L4xx_HAL_Driver/Inc -I../Drivers/STM32L4xx_HAL_Driver/Inc/Legacy -I../Drivers/CMSIS/Device/ST/STM32L4xx/Include -I../Drivers/CMSIS/Include -O0 -ffunction-sections -fdata-sections -Wall -fstack-usage -MMD -MP -MF"Core/Src/main.d" -MT"Core/Src/main.o" --specs=nano.specs -mfpu=fpv4-sp-d16 -mfloat-abi=hard -mthumb -o "Core/Src/main.o"
../Core/Src/main.c: In function 'pixy_init':
../Core/Src/main.c:208:23: warning: implicit declaration of function 'malloc' [-Wimplicit-function-declaration]
  208 |   g_blocks = (Block *)malloc(sizeof(Block)*PIXY_ARRAYSIZE);
      |                       ^~~~~~
../Core/Src/main.c:208:23: warning: incompatible implicit declaration of built-in function 'malloc'
../Core/Src/main.c:72:1: note: include '<stdlib.h>' or provide a declaration of 'malloc'
   71 | #include "stdio.h"
  +++ |+#include <stdlib.h>
   72 | 
../Core/Src/main.c: In function 'UpdateState':
../Core/Src/main.c:263:3: warning: implicit declaration of function 'ResetAverage' [-Wimplicit-function-declaration]
  263 |   ResetAverage();
      |   ^~~~~~~~~~~~
../Core/Src/main.c: At top level:
../Core/Src/main.c:323:6: warning: conflicting types for 'ResetAverage'
  323 | void ResetAverage()
      |      ^~~~~~~~~~~~
../Core/Src/main.c:263:3: note: previous implicit declaration of 'ResetAverage' was here
  263 |   ResetAverage();
      |   ^~~~~~~~~~~~
../Core/Src/main.c: In function 'UpdateWheels':
../Core/Src/main.c:452:24: warning: unsigned conversion from 'int' to 'uint8_t' {aka 'unsigned char'} changes value from '480' to '224' [-Woverflow]
  452 |   UpdateWheelSpeed(-1, 480, speed + WHEEL_SPEED_ZERO / 2); // -1 and 480 are just arbitrary, they need to be outside the pixy cam's x range
      |                        ^~~
../Core/Src/main.c: In function 'CheckIR':
../Core/Src/main.c:474:18: warning: implicit declaration of function 'exp' [-Wimplicit-function-declaration]
  474 |  float distVal = exp((log(adcVal) - 10.66) / (-1.123));
      |                  ^~~
../Core/Src/main.c:474:18: warning: incompatible implicit declaration of built-in function 'exp'
../Core/Src/main.c:72:1: note: include '<math.h>' or provide a declaration of 'exp'
   71 | #include "stdio.h"
  +++ |+#include <math.h>
   72 | 
../Core/Src/main.c:474:23: warning: implicit declaration of function 'log' [-Wimplicit-function-declaration]
  474 |  float distVal = exp((log(adcVal) - 10.66) / (-1.123));
      |                       ^~~
../Core/Src/main.c:474:23: warning: incompatible implicit declaration of built-in function 'log'
../Core/Src/main.c:474:23: note: include '<math.h>' or provide a declaration of 'log'
../Core/Src/main.c: In function 'main':
../Core/Src/main.c:660:5: warning: "/*" within comment [-Wcomment]
  660 |    //*
      |      
../Core/Src/main.c: In function 'getBlocks':
../Core/Src/main.c:204:1: warning: control reaches end of non-void function [-Wreturn-type]
  204 | }
      | ^
arm-none-eabi-gcc -o "Project.elf" @"objects.list"   -mcpu=cortex-m4 -T"D:\EECS373\CatchBot\eecs373_CatchBot\Project\STM32L4R5ZITXP_FLASH.ld" --specs=nosys.specs -Wl,-Map="Project.map" -Wl,--gc-sections -static --specs=nano.specs -mfpu=fpv4-sp-d16 -mfloat-abi=hard -mthumb -u _printf_float -Wl,--start-group -lc -lm -Wl,--end-group
Finished building target: Project.elf
 
arm-none-eabi-size   Project.elf 
arm-none-eabi-objdump -h -S  Project.elf  > "Project.list"
   text	   data	    bss	    dec	    hex	filename
  45572	    484	   2204	  48260	   bc84	Project.elf
Finished building: default.size.stdout
 
Finished building: Project.list
 
15:40:12 **** Incremental Build of configuration Debug for project Project ****
make -j8 all 
arm-none-eabi-gcc "../Core/Src/main.c" -mcpu=cortex-m4 -std=gnu11 -g3 -DDEBUG -DUSE_HAL_DRIVER -DSTM32L4R5xx -c -I../Core/Inc -I../Drivers/STM32L4xx_HAL_Driver/Inc -I../Drivers/STM32L4xx_HAL_Driver/Inc/Legacy -I../Drivers/CMSIS/Device/ST/STM32L4xx/Include -I../Drivers/CMSIS/Include -O0 -ffunction-sections -fdata-sections -Wall -fstack-usage -MMD -MP -MF"Core/Src/main.d" -MT"Core/Src/main.o" --specs=nano.specs -mfpu=fpv4-sp-d16 -mfloat-abi=hard -mthumb -o "Core/Src/main.o"
../Core/Src/main.c: In function 'pixy_init':
../Core/Src/main.c:208:23: warning: implicit declaration of function 'malloc' [-Wimplicit-function-declaration]
  208 |   g_blocks = (Block *)malloc(sizeof(Block)*PIXY_ARRAYSIZE);
      |                       ^~~~~~
../Core/Src/main.c:208:23: warning: incompatible implicit declaration of built-in function 'malloc'
../Core/Src/main.c:72:1: note: include '<stdlib.h>' or provide a declaration of 'malloc'
   71 | #include "stdio.h"
  +++ |+#include <stdlib.h>
   72 | 
../Core/Src/main.c: In function 'UpdateState':
../Core/Src/main.c:264:3: warning: implicit declaration of function 'ResetAverage' [-Wimplicit-function-declaration]
  264 |   ResetAverage();
      |   ^~~~~~~~~~~~
../Core/Src/main.c: At top level:
../Core/Src/main.c:324:6: warning: conflicting types for 'ResetAverage'
  324 | void ResetAverage()
      |      ^~~~~~~~~~~~
../Core/Src/main.c:264:3: note: previous implicit declaration of 'ResetAverage' was here
  264 |   ResetAverage();
      |   ^~~~~~~~~~~~
../Core/Src/main.c: In function 'UpdateWheels':
../Core/Src/main.c:453:24: warning: unsigned conversion from 'int' to 'uint8_t' {aka 'unsigned char'} changes value from '480' to '224' [-Woverflow]
  453 |   UpdateWheelSpeed(-1, 480, speed + WHEEL_SPEED_ZERO / 2); // -1 and 480 are just arbitrary, they need to be outside the pixy cam's x range
      |                        ^~~
../Core/Src/main.c: In function 'CheckIR':
../Core/Src/main.c:475:18: warning: implicit declaration of function 'exp' [-Wimplicit-function-declaration]
  475 |  float distVal = exp((log(adcVal) - 10.66) / (-1.123));
      |                  ^~~
../Core/Src/main.c:475:18: warning: incompatible implicit declaration of built-in function 'exp'
../Core/Src/main.c:72:1: note: include '<math.h>' or provide a declaration of 'exp'
   71 | #include "stdio.h"
  +++ |+#include <math.h>
   72 | 
../Core/Src/main.c:475:23: warning: implicit declaration of function 'log' [-Wimplicit-function-declaration]
  475 |  float distVal = exp((log(adcVal) - 10.66) / (-1.123));
      |                       ^~~
../Core/Src/main.c:475:23: warning: incompatible implicit declaration of built-in function 'log'
../Core/Src/main.c:475:23: note: include '<math.h>' or provide a declaration of 'log'
../Core/Src/main.c: In function 'main':
../Core/Src/main.c:661:5: warning: "/*" within comment [-Wcomment]
  661 |    //*
      |      
../Core/Src/main.c: In function 'getBlocks':
../Core/Src/main.c:204:1: warning: control reaches end of non-void function [-Wreturn-type]
  204 | }
      | ^
arm-none-eabi-gcc -o "Project.elf" @"objects.list"   -mcpu=cortex-m4 -T"D:\EECS373\CatchBot\eecs373_CatchBot\Project\STM32L4R5ZITXP_FLASH.ld" --specs=nosys.specs -Wl,-Map="Project.map" -Wl,--gc-sections -static --specs=nano.specs -mfpu=fpv4-sp-d16 -mfloat-abi=hard -mthumb -u _printf_float -Wl,--start-group -lc -lm -Wl,--end-group
Finished building target: Project.elf
 
arm-none-eabi-size   Project.elf 
arm-none-eabi-objdump -h -S  Project.elf  > "Project.list"
   text	   data	    bss	    dec	    hex	filename
  45604	    484	   2204	  48292	   bca4	Project.elf
Finished building: default.size.stdout
 
Finished building: Project.list
 
15:41:38 **** Incremental Build of configuration Debug for project Project ****
make -j8 all 
arm-none-eabi-gcc "../Core/Src/main.c" -mcpu=cortex-m4 -std=gnu11 -g3 -DDEBUG -DUSE_HAL_DRIVER -DSTM32L4R5xx -c -I../Core/Inc -I../Drivers/STM32L4xx_HAL_Driver/Inc -I../Drivers/STM32L4xx_HAL_Driver/Inc/Legacy -I../Drivers/CMSIS/Device/ST/STM32L4xx/Include -I../Drivers/CMSIS/Include -O0 -ffunction-sections -fdata-sections -Wall -fstack-usage -MMD -MP -MF"Core/Src/main.d" -MT"Core/Src/main.o" --specs=nano.specs -mfpu=fpv4-sp-d16 -mfloat-abi=hard -mthumb -o "Core/Src/main.o"
../Core/Src/main.c: In function 'pixy_init':
../Core/Src/main.c:208:23: warning: implicit declaration of function 'malloc' [-Wimplicit-function-declaration]
  208 |   g_blocks = (Block *)malloc(sizeof(Block)*PIXY_ARRAYSIZE);
      |                       ^~~~~~
../Core/Src/main.c:208:23: warning: incompatible implicit declaration of built-in function 'malloc'
../Core/Src/main.c:72:1: note: include '<stdlib.h>' or provide a declaration of 'malloc'
   71 | #include "stdio.h"
  +++ |+#include <stdlib.h>
   72 | 
../Core/Src/main.c: In function 'UpdateState':
../Core/Src/main.c:264:3: warning: implicit declaration of function 'ResetAverage' [-Wimplicit-function-declaration]
  264 |   ResetAverage();
      |   ^~~~~~~~~~~~
../Core/Src/main.c: At top level:
../Core/Src/main.c:324:6: warning: conflicting types for 'ResetAverage'
  324 | void ResetAverage()
      |      ^~~~~~~~~~~~
../Core/Src/main.c:264:3: note: previous implicit declaration of 'ResetAverage' was here
  264 |   ResetAverage();
      |   ^~~~~~~~~~~~
../Core/Src/main.c: In function 'UpdateWheels':
../Core/Src/main.c:453:24: warning: unsigned conversion from 'int' to 'uint8_t' {aka 'unsigned char'} changes value from '480' to '224' [-Woverflow]
  453 |   UpdateWheelSpeed(-1, 480, speed + WHEEL_SPEED_ZERO / 2); // -1 and 480 are just arbitrary, they need to be outside the pixy cam's x range
      |                        ^~~
../Core/Src/main.c: In function 'CheckIR':
../Core/Src/main.c:475:18: warning: implicit declaration of function 'exp' [-Wimplicit-function-declaration]
  475 |  float distVal = exp((log(adcVal) - 10.66) / (-1.123));
      |                  ^~~
../Core/Src/main.c:475:18: warning: incompatible implicit declaration of built-in function 'exp'
../Core/Src/main.c:72:1: note: include '<math.h>' or provide a declaration of 'exp'
   71 | #include "stdio.h"
  +++ |+#include <math.h>
   72 | 
../Core/Src/main.c:475:23: warning: implicit declaration of function 'log' [-Wimplicit-function-declaration]
  475 |  float distVal = exp((log(adcVal) - 10.66) / (-1.123));
      |                       ^~~
../Core/Src/main.c:475:23: warning: incompatible implicit declaration of built-in function 'log'
../Core/Src/main.c:475:23: note: include '<math.h>' or provide a declaration of 'log'
../Core/Src/main.c: In function 'main':
../Core/Src/main.c:661:5: warning: "/*" within comment [-Wcomment]
  661 |    //*
      |      
../Core/Src/main.c: In function 'getBlocks':
../Core/Src/main.c:204:1: warning: control reaches end of non-void function [-Wreturn-type]
  204 | }
      | ^
arm-none-eabi-gcc -o "Project.elf" @"objects.list"   -mcpu=cortex-m4 -T"D:\EECS373\CatchBot\eecs373_CatchBot\Project\STM32L4R5ZITXP_FLASH.ld" --specs=nosys.specs -Wl,-Map="Project.map" -Wl,--gc-sections -static --specs=nano.specs -mfpu=fpv4-sp-d16 -mfloat-abi=hard -mthumb -u _printf_float -Wl,--start-group -lc -lm -Wl,--end-group
Finished building target: Project.elf
 
arm-none-eabi-size   Project.elf 
arm-none-eabi-objdump -h -S  Project.elf  > "Project.list"
   text	   data	    bss	    dec	    hex	filename
  45604	    484	   2204	  48292	   bca4	Project.elf
Finished building: default.size.stdout
 
Finished building: Project.list
 
15:43:41 **** Incremental Build of configuration Debug for project Project ****
make -j8 all 
arm-none-eabi-gcc "../Core/Src/main.c" -mcpu=cortex-m4 -std=gnu11 -g3 -DDEBUG -DUSE_HAL_DRIVER -DSTM32L4R5xx -c -I../Core/Inc -I../Drivers/STM32L4xx_HAL_Driver/Inc -I../Drivers/STM32L4xx_HAL_Driver/Inc/Legacy -I../Drivers/CMSIS/Device/ST/STM32L4xx/Include -I../Drivers/CMSIS/Include -O0 -ffunction-sections -fdata-sections -Wall -fstack-usage -MMD -MP -MF"Core/Src/main.d" -MT"Core/Src/main.o" --specs=nano.specs -mfpu=fpv4-sp-d16 -mfloat-abi=hard -mthumb -o "Core/Src/main.o"
../Core/Src/main.c: In function 'pixy_init':
../Core/Src/main.c:208:23: warning: implicit declaration of function 'malloc' [-Wimplicit-function-declaration]
  208 |   g_blocks = (Block *)malloc(sizeof(Block)*PIXY_ARRAYSIZE);
      |                       ^~~~~~
../Core/Src/main.c:208:23: warning: incompatible implicit declaration of built-in function 'malloc'
../Core/Src/main.c:72:1: note: include '<stdlib.h>' or provide a declaration of 'malloc'
   71 | #include "stdio.h"
  +++ |+#include <stdlib.h>
   72 | 
../Core/Src/main.c: In function 'UpdateState':
../Core/Src/main.c:264:3: warning: implicit declaration of function 'ResetAverage' [-Wimplicit-function-declaration]
  264 |   ResetAverage();
      |   ^~~~~~~~~~~~
../Core/Src/main.c: At top level:
../Core/Src/main.c:324:6: warning: conflicting types for 'ResetAverage'
  324 | void ResetAverage()
      |      ^~~~~~~~~~~~
../Core/Src/main.c:264:3: note: previous implicit declaration of 'ResetAverage' was here
  264 |   ResetAverage();
      |   ^~~~~~~~~~~~
../Core/Src/main.c: In function 'UpdateWheels':
../Core/Src/main.c:453:24: warning: unsigned conversion from 'int' to 'uint8_t' {aka 'unsigned char'} changes value from '480' to '224' [-Woverflow]
  453 |   UpdateWheelSpeed(-1, 480, speed + WHEEL_SPEED_ZERO / 2); // -1 and 480 are just arbitrary, they need to be outside the pixy cam's x range
      |                        ^~~
../Core/Src/main.c: In function 'CheckIR':
../Core/Src/main.c:475:18: warning: implicit declaration of function 'exp' [-Wimplicit-function-declaration]
  475 |  float distVal = exp((log(adcVal) - 10.66) / (-1.123));
      |                  ^~~
../Core/Src/main.c:475:18: warning: incompatible implicit declaration of built-in function 'exp'
../Core/Src/main.c:72:1: note: include '<math.h>' or provide a declaration of 'exp'
   71 | #include "stdio.h"
  +++ |+#include <math.h>
   72 | 
../Core/Src/main.c:475:23: warning: implicit declaration of function 'log' [-Wimplicit-function-declaration]
  475 |  float distVal = exp((log(adcVal) - 10.66) / (-1.123));
      |                       ^~~
../Core/Src/main.c:475:23: warning: incompatible implicit declaration of built-in function 'log'
../Core/Src/main.c:475:23: note: include '<math.h>' or provide a declaration of 'log'
../Core/Src/main.c: In function 'main':
../Core/Src/main.c:661:5: warning: "/*" within comment [-Wcomment]
  661 |    //*
      |      
../Core/Src/main.c: In function 'getBlocks':
../Core/Src/main.c:204:1: warning: control reaches end of non-void function [-Wreturn-type]
  204 | }
      | ^
arm-none-eabi-gcc -o "Project.elf" @"objects.list"   -mcpu=cortex-m4 -T"D:\EECS373\CatchBot\eecs373_CatchBot\Project\STM32L4R5ZITXP_FLASH.ld" --specs=nosys.specs -Wl,-Map="Project.map" -Wl,--gc-sections -static --specs=nano.specs -mfpu=fpv4-sp-d16 -mfloat-abi=hard -mthumb -u _printf_float -Wl,--start-group -lc -lm -Wl,--end-group
Finished building target: Project.elf
 
arm-none-eabi-size   Project.elf 
arm-none-eabi-objdump -h -S  Project.elf  > "Project.list"
   text	   data	    bss	    dec	    hex	filename
  45452	    484	   2204	  48140	   bc0c	Project.elf
Finished building: default.size.stdout
 
Finished building: Project.list
 
15:48:26 **** Incremental Build of configuration Debug for project Project ****
make -j8 all 
arm-none-eabi-gcc "../Core/Src/main.c" -mcpu=cortex-m4 -std=gnu11 -g3 -DDEBUG -DUSE_HAL_DRIVER -DSTM32L4R5xx -c -I../Core/Inc -I../Drivers/STM32L4xx_HAL_Driver/Inc -I../Drivers/STM32L4xx_HAL_Driver/Inc/Legacy -I../Drivers/CMSIS/Device/ST/STM32L4xx/Include -I../Drivers/CMSIS/Include -O0 -ffunction-sections -fdata-sections -Wall -fstack-usage -MMD -MP -MF"Core/Src/main.d" -MT"Core/Src/main.o" --specs=nano.specs -mfpu=fpv4-sp-d16 -mfloat-abi=hard -mthumb -o "Core/Src/main.o"
../Core/Src/main.c: In function 'pixy_init':
../Core/Src/main.c:208:23: warning: implicit declaration of function 'malloc' [-Wimplicit-function-declaration]
  208 |   g_blocks = (Block *)malloc(sizeof(Block)*PIXY_ARRAYSIZE);
      |                       ^~~~~~
../Core/Src/main.c:208:23: warning: incompatible implicit declaration of built-in function 'malloc'
../Core/Src/main.c:72:1: note: include '<stdlib.h>' or provide a declaration of 'malloc'
   71 | #include "stdio.h"
  +++ |+#include <stdlib.h>
   72 | 
../Core/Src/main.c: In function 'UpdateState':
../Core/Src/main.c:264:3: warning: implicit declaration of function 'ResetAverage' [-Wimplicit-function-declaration]
  264 |   ResetAverage();
      |   ^~~~~~~~~~~~
../Core/Src/main.c: At top level:
../Core/Src/main.c:324:6: warning: conflicting types for 'ResetAverage'
  324 | void ResetAverage()
      |      ^~~~~~~~~~~~
../Core/Src/main.c:264:3: note: previous implicit declaration of 'ResetAverage' was here
  264 |   ResetAverage();
      |   ^~~~~~~~~~~~
../Core/Src/main.c: In function 'UpdateWheels':
../Core/Src/main.c:453:24: warning: unsigned conversion from 'int' to 'uint8_t' {aka 'unsigned char'} changes value from '480' to '224' [-Woverflow]
  453 |   UpdateWheelSpeed(-1, 480, speed + WHEEL_SPEED_ZERO / 2); // -1 and 480 are just arbitrary, they need to be outside the pixy cam's x range
      |                        ^~~
../Core/Src/main.c: In function 'CheckIR':
../Core/Src/main.c:475:18: warning: implicit declaration of function 'exp' [-Wimplicit-function-declaration]
  475 |  float distVal = exp((log(adcVal) - 10.66) / (-1.123));
      |                  ^~~
../Core/Src/main.c:475:18: warning: incompatible implicit declaration of built-in function 'exp'
../Core/Src/main.c:72:1: note: include '<math.h>' or provide a declaration of 'exp'
   71 | #include "stdio.h"
  +++ |+#include <math.h>
   72 | 
../Core/Src/main.c:475:23: warning: implicit declaration of function 'log' [-Wimplicit-function-declaration]
  475 |  float distVal = exp((log(adcVal) - 10.66) / (-1.123));
      |                       ^~~
../Core/Src/main.c:475:23: warning: incompatible implicit declaration of built-in function 'log'
../Core/Src/main.c:475:23: note: include '<math.h>' or provide a declaration of 'log'
../Core/Src/main.c: In function 'main':
../Core/Src/main.c:661:5: warning: "/*" within comment [-Wcomment]
  661 |    //*
      |      
../Core/Src/main.c: In function 'getBlocks':
../Core/Src/main.c:204:1: warning: control reaches end of non-void function [-Wreturn-type]
  204 | }
      | ^
arm-none-eabi-gcc -o "Project.elf" @"objects.list"   -mcpu=cortex-m4 -T"D:\EECS373\CatchBot\eecs373_CatchBot\Project\STM32L4R5ZITXP_FLASH.ld" --specs=nosys.specs -Wl,-Map="Project.map" -Wl,--gc-sections -static --specs=nano.specs -mfpu=fpv4-sp-d16 -mfloat-abi=hard -mthumb -u _printf_float -Wl,--start-group -lc -lm -Wl,--end-group
Finished building target: Project.elf
 
arm-none-eabi-size   Project.elf 
arm-none-eabi-objdump -h -S  Project.elf  > "Project.list"
   text	   data	    bss	    dec	    hex	filename
  45524	    484	   2204	  48212	   bc54	Project.elf
Finished building: default.size.stdout
 
Finished building: Project.list
 
16:07:29 **** Incremental Build of configuration Debug for project Project ****
make -j8 all 
arm-none-eabi-size   Project.elf 
   text	   data	    bss	    dec	    hex	filename
  45524	    484	   2204	  48212	   bc54	Project.elf
Finished building: default.size.stdout
 
16:08:58 **** Incremental Build of configuration Debug for project Project ****
make -j8 all 
arm-none-eabi-gcc "../Core/Src/main.c" -mcpu=cortex-m4 -std=gnu11 -g3 -DDEBUG -DUSE_HAL_DRIVER -DSTM32L4R5xx -c -I../Core/Inc -I../Drivers/STM32L4xx_HAL_Driver/Inc -I../Drivers/STM32L4xx_HAL_Driver/Inc/Legacy -I../Drivers/CMSIS/Device/ST/STM32L4xx/Include -I../Drivers/CMSIS/Include -O0 -ffunction-sections -fdata-sections -Wall -fstack-usage -MMD -MP -MF"Core/Src/main.d" -MT"Core/Src/main.o" --specs=nano.specs -mfpu=fpv4-sp-d16 -mfloat-abi=hard -mthumb -o "Core/Src/main.o"
../Core/Src/main.c: In function 'pixy_init':
../Core/Src/main.c:208:23: warning: implicit declaration of function 'malloc' [-Wimplicit-function-declaration]
  208 |   g_blocks = (Block *)malloc(sizeof(Block)*PIXY_ARRAYSIZE);
      |                       ^~~~~~
../Core/Src/main.c:208:23: warning: incompatible implicit declaration of built-in function 'malloc'
../Core/Src/main.c:72:1: note: include '<stdlib.h>' or provide a declaration of 'malloc'
   71 | #include "stdio.h"
  +++ |+#include <stdlib.h>
   72 | 
../Core/Src/main.c: In function 'UpdateState':
../Core/Src/main.c:263:3: warning: implicit declaration of function 'ResetAverage' [-Wimplicit-function-declaration]
  263 |   ResetAverage();
      |   ^~~~~~~~~~~~
../Core/Src/main.c: At top level:
../Core/Src/main.c:323:6: warning: conflicting types for 'ResetAverage'
  323 | void ResetAverage()
      |      ^~~~~~~~~~~~
../Core/Src/main.c:263:3: note: previous implicit declaration of 'ResetAverage' was here
  263 |   ResetAverage();
      |   ^~~~~~~~~~~~
../Core/Src/main.c: In function 'UpdateWheels':
../Core/Src/main.c:452:24: warning: unsigned conversion from 'int' to 'uint8_t' {aka 'unsigned char'} changes value from '480' to '224' [-Woverflow]
  452 |   UpdateWheelSpeed(-1, 480, speed + WHEEL_SPEED_ZERO / 2); // -1 and 480 are just arbitrary, they need to be outside the pixy cam's x range
      |                        ^~~
../Core/Src/main.c: In function 'CheckIR':
../Core/Src/main.c:474:18: warning: implicit declaration of function 'exp' [-Wimplicit-function-declaration]
  474 |  float distVal = exp((log(adcVal) - 10.66) / (-1.123));
      |                  ^~~
../Core/Src/main.c:474:18: warning: incompatible implicit declaration of built-in function 'exp'
../Core/Src/main.c:72:1: note: include '<math.h>' or provide a declaration of 'exp'
   71 | #include "stdio.h"
  +++ |+#include <math.h>
   72 | 
../Core/Src/main.c:474:23: warning: implicit declaration of function 'log' [-Wimplicit-function-declaration]
  474 |  float distVal = exp((log(adcVal) - 10.66) / (-1.123));
      |                       ^~~
../Core/Src/main.c:474:23: warning: incompatible implicit declaration of built-in function 'log'
../Core/Src/main.c:474:23: note: include '<math.h>' or provide a declaration of 'log'
../Core/Src/main.c: In function 'main':
../Core/Src/main.c:660:5: warning: "/*" within comment [-Wcomment]
  660 |    //*
      |      
../Core/Src/main.c: In function 'getBlocks':
../Core/Src/main.c:204:1: warning: control reaches end of non-void function [-Wreturn-type]
  204 | }
      | ^
arm-none-eabi-gcc -o "Project.elf" @"objects.list"   -mcpu=cortex-m4 -T"D:\EECS373\CatchBot\eecs373_CatchBot\Project\STM32L4R5ZITXP_FLASH.ld" --specs=nosys.specs -Wl,-Map="Project.map" -Wl,--gc-sections -static --specs=nano.specs -mfpu=fpv4-sp-d16 -mfloat-abi=hard -mthumb -u _printf_float -Wl,--start-group -lc -lm -Wl,--end-group
Finished building target: Project.elf
 
arm-none-eabi-size   Project.elf 
arm-none-eabi-objdump -h -S  Project.elf  > "Project.list"
   text	   data	    bss	    dec	    hex	filename
  45524	    484	   2204	  48212	   bc54	Project.elf
Finished building: default.size.stdout
 
Finished building: Project.list
 
16:15:56 **** Incremental Build of configuration Debug for project Project ****
make -j8 all 
arm-none-eabi-gcc "../Core/Src/main.c" -mcpu=cortex-m4 -std=gnu11 -g3 -DDEBUG -DUSE_HAL_DRIVER -DSTM32L4R5xx -c -I../Core/Inc -I../Drivers/STM32L4xx_HAL_Driver/Inc -I../Drivers/STM32L4xx_HAL_Driver/Inc/Legacy -I../Drivers/CMSIS/Device/ST/STM32L4xx/Include -I../Drivers/CMSIS/Include -O0 -ffunction-sections -fdata-sections -Wall -fstack-usage -MMD -MP -MF"Core/Src/main.d" -MT"Core/Src/main.o" --specs=nano.specs -mfpu=fpv4-sp-d16 -mfloat-abi=hard -mthumb -o "Core/Src/main.o"
../Core/Src/main.c: In function 'pixy_init':
../Core/Src/main.c:208:23: warning: implicit declaration of function 'malloc' [-Wimplicit-function-declaration]
  208 |   g_blocks = (Block *)malloc(sizeof(Block)*PIXY_ARRAYSIZE);
      |                       ^~~~~~
../Core/Src/main.c:208:23: warning: incompatible implicit declaration of built-in function 'malloc'
../Core/Src/main.c:72:1: note: include '<stdlib.h>' or provide a declaration of 'malloc'
   71 | #include "stdio.h"
  +++ |+#include <stdlib.h>
   72 | 
../Core/Src/main.c: In function 'UpdateState':
../Core/Src/main.c:262:3: warning: implicit declaration of function 'ResetAverage' [-Wimplicit-function-declaration]
  262 |   ResetAverage();
      |   ^~~~~~~~~~~~
../Core/Src/main.c: At top level:
../Core/Src/main.c:322:6: warning: conflicting types for 'ResetAverage'
  322 | void ResetAverage()
      |      ^~~~~~~~~~~~
../Core/Src/main.c:262:3: note: previous implicit declaration of 'ResetAverage' was here
  262 |   ResetAverage();
      |   ^~~~~~~~~~~~
../Core/Src/main.c: In function 'UpdateWheels':
../Core/Src/main.c:451:24: warning: unsigned conversion from 'int' to 'uint8_t' {aka 'unsigned char'} changes value from '480' to '224' [-Woverflow]
  451 |   UpdateWheelSpeed(-1, 480, speed + WHEEL_SPEED_ZERO / 2); // -1 and 480 are just arbitrary, they need to be outside the pixy cam's x range
      |                        ^~~
../Core/Src/main.c: In function 'CheckIR':
../Core/Src/main.c:473:18: warning: implicit declaration of function 'exp' [-Wimplicit-function-declaration]
  473 |  float distVal = exp((log(adcVal) - 10.66) / (-1.123));
      |                  ^~~
../Core/Src/main.c:473:18: warning: incompatible implicit declaration of built-in function 'exp'
../Core/Src/main.c:72:1: note: include '<math.h>' or provide a declaration of 'exp'
   71 | #include "stdio.h"
  +++ |+#include <math.h>
   72 | 
../Core/Src/main.c:473:23: warning: implicit declaration of function 'log' [-Wimplicit-function-declaration]
  473 |  float distVal = exp((log(adcVal) - 10.66) / (-1.123));
      |                       ^~~
../Core/Src/main.c:473:23: warning: incompatible implicit declaration of built-in function 'log'
../Core/Src/main.c:473:23: note: include '<math.h>' or provide a declaration of 'log'
../Core/Src/main.c: In function 'main':
../Core/Src/main.c:659:5: warning: "/*" within comment [-Wcomment]
  659 |    //*
      |      
../Core/Src/main.c: In function 'getBlocks':
../Core/Src/main.c:204:1: warning: control reaches end of non-void function [-Wreturn-type]
  204 | }
      | ^
arm-none-eabi-gcc -o "Project.elf" @"objects.list"   -mcpu=cortex-m4 -T"D:\EECS373\CatchBot\eecs373_CatchBot\Project\STM32L4R5ZITXP_FLASH.ld" --specs=nosys.specs -Wl,-Map="Project.map" -Wl,--gc-sections -static --specs=nano.specs -mfpu=fpv4-sp-d16 -mfloat-abi=hard -mthumb -u _printf_float -Wl,--start-group -lc -lm -Wl,--end-group
Finished building target: Project.elf
 
arm-none-eabi-size   Project.elf 
arm-none-eabi-objdump -h -S  Project.elf  > "Project.list"
   text	   data	    bss	    dec	    hex	filename
  45476	    484	   2204	  48164	   bc24	Project.elf
Finished building: default.size.stdout
 
Finished building: Project.list
 
16:17:11 **** Incremental Build of configuration Debug for project Project ****
make -j8 all 
arm-none-eabi-size   Project.elf 
   text	   data	    bss	    dec	    hex	filename
  45476	    484	   2204	  48164	   bc24	Project.elf
Finished building: default.size.stdout
 
16:18:37 **** Incremental Build of configuration Debug for project Project ****
make -j8 all 
arm-none-eabi-gcc "../Core/Src/main.c" -mcpu=cortex-m4 -std=gnu11 -g3 -DDEBUG -DUSE_HAL_DRIVER -DSTM32L4R5xx -c -I../Core/Inc -I../Drivers/STM32L4xx_HAL_Driver/Inc -I../Drivers/STM32L4xx_HAL_Driver/Inc/Legacy -I../Drivers/CMSIS/Device/ST/STM32L4xx/Include -I../Drivers/CMSIS/Include -O0 -ffunction-sections -fdata-sections -Wall -fstack-usage -MMD -MP -MF"Core/Src/main.d" -MT"Core/Src/main.o" --specs=nano.specs -mfpu=fpv4-sp-d16 -mfloat-abi=hard -mthumb -o "Core/Src/main.o"
../Core/Src/main.c: In function 'pixy_init':
../Core/Src/main.c:208:23: warning: implicit declaration of function 'malloc' [-Wimplicit-function-declaration]
  208 |   g_blocks = (Block *)malloc(sizeof(Block)*PIXY_ARRAYSIZE);
      |                       ^~~~~~
../Core/Src/main.c:208:23: warning: incompatible implicit declaration of built-in function 'malloc'
../Core/Src/main.c:72:1: note: include '<stdlib.h>' or provide a declaration of 'malloc'
   71 | #include "stdio.h"
  +++ |+#include <stdlib.h>
   72 | 
../Core/Src/main.c: In function 'UpdateState':
../Core/Src/main.c:262:3: warning: implicit declaration of function 'ResetAverage' [-Wimplicit-function-declaration]
  262 |   ResetAverage();
      |   ^~~~~~~~~~~~
../Core/Src/main.c: At top level:
../Core/Src/main.c:322:6: warning: conflicting types for 'ResetAverage'
  322 | void ResetAverage()
      |      ^~~~~~~~~~~~
../Core/Src/main.c:262:3: note: previous implicit declaration of 'ResetAverage' was here
  262 |   ResetAverage();
      |   ^~~~~~~~~~~~
../Core/Src/main.c: In function 'UpdateWheels':
../Core/Src/main.c:451:24: warning: unsigned conversion from 'int' to 'uint8_t' {aka 'unsigned char'} changes value from '480' to '224' [-Woverflow]
  451 |   UpdateWheelSpeed(-1, 480, speed + WHEEL_SPEED_ZERO / 2); // -1 and 480 are just arbitrary, they need to be outside the pixy cam's x range
      |                        ^~~
../Core/Src/main.c: In function 'CheckIR':
../Core/Src/main.c:473:18: warning: implicit declaration of function 'exp' [-Wimplicit-function-declaration]
  473 |  float distVal = exp((log(adcVal) - 10.66) / (-1.123));
      |                  ^~~
../Core/Src/main.c:473:18: warning: incompatible implicit declaration of built-in function 'exp'
../Core/Src/main.c:72:1: note: include '<math.h>' or provide a declaration of 'exp'
   71 | #include "stdio.h"
  +++ |+#include <math.h>
   72 | 
../Core/Src/main.c:473:23: warning: implicit declaration of function 'log' [-Wimplicit-function-declaration]
  473 |  float distVal = exp((log(adcVal) - 10.66) / (-1.123));
      |                       ^~~
../Core/Src/main.c:473:23: warning: incompatible implicit declaration of built-in function 'log'
../Core/Src/main.c:473:23: note: include '<math.h>' or provide a declaration of 'log'
../Core/Src/main.c: In function 'main':
../Core/Src/main.c:659:5: warning: "/*" within comment [-Wcomment]
  659 |    //*
      |      
../Core/Src/main.c: In function 'getBlocks':
../Core/Src/main.c:204:1: warning: control reaches end of non-void function [-Wreturn-type]
  204 | }
      | ^
arm-none-eabi-gcc -o "Project.elf" @"objects.list"   -mcpu=cortex-m4 -T"D:\EECS373\CatchBot\eecs373_CatchBot\Project\STM32L4R5ZITXP_FLASH.ld" --specs=nosys.specs -Wl,-Map="Project.map" -Wl,--gc-sections -static --specs=nano.specs -mfpu=fpv4-sp-d16 -mfloat-abi=hard -mthumb -u _printf_float -Wl,--start-group -lc -lm -Wl,--end-group
Finished building target: Project.elf
 
arm-none-eabi-size   Project.elf 
arm-none-eabi-objdump -h -S  Project.elf  > "Project.list"
   text	   data	    bss	    dec	    hex	filename
  45564	    484	   2204	  48252	   bc7c	Project.elf
Finished building: default.size.stdout
 
Finished building: Project.list
 
16:22:25 **** Incremental Build of configuration Debug for project Project ****
make -j8 all 
arm-none-eabi-gcc "../Core/Src/main.c" -mcpu=cortex-m4 -std=gnu11 -g3 -DDEBUG -DUSE_HAL_DRIVER -DSTM32L4R5xx -c -I../Core/Inc -I../Drivers/STM32L4xx_HAL_Driver/Inc -I../Drivers/STM32L4xx_HAL_Driver/Inc/Legacy -I../Drivers/CMSIS/Device/ST/STM32L4xx/Include -I../Drivers/CMSIS/Include -O0 -ffunction-sections -fdata-sections -Wall -fstack-usage -MMD -MP -MF"Core/Src/main.d" -MT"Core/Src/main.o" --specs=nano.specs -mfpu=fpv4-sp-d16 -mfloat-abi=hard -mthumb -o "Core/Src/main.o"
../Core/Src/main.c: In function 'pixy_init':
[...]
../Core/Src/main.c: In function 'pixy_init':
../Core/Src/main.c:208:23: warning: implicit declaration of function 'malloc' [-Wimplicit-function-declaration]
  208 |   g_blocks = (Block *)malloc(sizeof(Block)*PIXY_ARRAYSIZE);
      |                       ^~~~~~
../Core/Src/main.c:208:23: warning: incompatible implicit declaration of built-in function 'malloc'
../Core/Src/main.c:72:1: note: include '<stdlib.h>' or provide a declaration of 'malloc'
   71 | #include "stdio.h"
  +++ |+#include <stdlib.h>
   72 | 
../Core/Src/main.c: In function 'UpdateState':
../Core/Src/main.c:262:3: warning: implicit declaration of function 'ResetAverage' [-Wimplicit-function-declaration]
  262 |   ResetAverage();
      |   ^~~~~~~~~~~~
../Core/Src/main.c: At top level:
../Core/Src/main.c:322:6: warning: conflicting types for 'ResetAverage'
  322 | void ResetAverage()
      |      ^~~~~~~~~~~~
../Core/Src/main.c:262:3: note: previous implicit declaration of 'ResetAverage' was here
  262 |   ResetAverage();
      |   ^~~~~~~~~~~~
../Core/Src/main.c: In function 'CheckIR':
../Core/Src/main.c:491:18: warning: implicit declaration of function 'exp' [-Wimplicit-function-declaration]
  491 |  float distVal = exp((log(adcVal) - 10.66) / (-1.123));
      |                  ^~~
../Core/Src/main.c:491:18: warning: incompatible implicit declaration of built-in function 'exp'
../Core/Src/main.c:72:1: note: include '<math.h>' or provide a declaration of 'exp'
   71 | #include "stdio.h"
  +++ |+#include <math.h>
   72 | 
../Core/Src/main.c:491:23: warning: implicit declaration of function 'log' [-Wimplicit-function-declaration]
  491 |  float distVal = exp((log(adcVal) - 10.66) / (-1.123));
      |                       ^~~
../Core/Src/main.c:491:23: warning: incompatible implicit declaration of built-in function 'log'
../Core/Src/main.c:491:23: note: include '<math.h>' or provide a declaration of 'log'
../Core/Src/main.c: In function 'main':
../Core/Src/main.c:690:5: warning: "/*" within comment [-Wcomment]
  690 |    //*
      |      
../Core/Src/main.c: In function 'getBlocks':
../Core/Src/main.c:204:1: warning: control reaches end of non-void function [-Wreturn-type]
  204 | }
      | ^
arm-none-eabi-gcc -o "Project.elf" @"objects.list"   -mcpu=cortex-m4 -T"D:\EECS373\CatchBot\eecs373_CatchBot\Project\STM32L4R5ZITXP_FLASH.ld" --specs=nosys.specs -Wl,-Map="Project.map" -Wl,--gc-sections -static --specs=nano.specs -mfpu=fpv4-sp-d16 -mfloat-abi=hard -mthumb -u _printf_float -Wl,--start-group -lc -lm -Wl,--end-group
Finished building target: Project.elf
 
arm-none-eabi-size   Project.elf 
arm-none-eabi-objdump -h -S  Project.elf  > "Project.list"
   text	   data	    bss	    dec	    hex	filename
  46276	    484	   2204	  48964	   bf44	Project.elf
Finished building: default.size.stdout
 
Finished building: Project.list
 
13:02:35 **** Incremental Build of configuration Debug for project Project ****
make -j8 all 
arm-none-eabi-gcc "../Core/Src/main.c" -mcpu=cortex-m4 -std=gnu11 -g3 -DDEBUG -DUSE_HAL_DRIVER -DSTM32L4R5xx -c -I../Core/Inc -I../Drivers/STM32L4xx_HAL_Driver/Inc -I../Drivers/STM32L4xx_HAL_Driver/Inc/Legacy -I../Drivers/CMSIS/Device/ST/STM32L4xx/Include -I../Drivers/CMSIS/Include -O0 -ffunction-sections -fdata-sections -Wall -fstack-usage -MMD -MP -MF"Core/Src/main.d" -MT"Core/Src/main.o" --specs=nano.specs -mfpu=fpv4-sp-d16 -mfloat-abi=hard -mthumb -o "Core/Src/main.o"
../Core/Src/main.c: In function 'pixy_init':
../Core/Src/main.c:208:23: warning: implicit declaration of function 'malloc' [-Wimplicit-function-declaration]
  208 |   g_blocks = (Block *)malloc(sizeof(Block)*PIXY_ARRAYSIZE);
      |                       ^~~~~~
../Core/Src/main.c:208:23: warning: incompatible implicit declaration of built-in function 'malloc'
../Core/Src/main.c:72:1: note: include '<stdlib.h>' or provide a declaration of 'malloc'
   71 | #include "stdio.h"
  +++ |+#include <stdlib.h>
   72 | 
../Core/Src/main.c: In function 'UpdateState':
../Core/Src/main.c:262:3: warning: implicit declaration of function 'ResetAverage' [-Wimplicit-function-declaration]
  262 |   ResetAverage();
      |   ^~~~~~~~~~~~
../Core/Src/main.c: At top level:
../Core/Src/main.c:322:6: warning: conflicting types for 'ResetAverage'
  322 | void ResetAverage()
      |      ^~~~~~~~~~~~
../Core/Src/main.c:262:3: note: previous implicit declaration of 'ResetAverage' was here
  262 |   ResetAverage();
      |   ^~~~~~~~~~~~
../Core/Src/main.c: In function 'CheckIR':
../Core/Src/main.c:491:18: warning: implicit declaration of function 'exp' [-Wimplicit-function-declaration]
  491 |  float distVal = exp((log(adcVal) - 10.66) / (-1.123));
      |                  ^~~
../Core/Src/main.c:491:18: warning: incompatible implicit declaration of built-in function 'exp'
../Core/Src/main.c:72:1: note: include '<math.h>' or provide a declaration of 'exp'
   71 | #include "stdio.h"
  +++ |+#include <math.h>
   72 | 
../Core/Src/main.c:491:23: warning: implicit declaration of function 'log' [-Wimplicit-function-declaration]
  491 |  float distVal = exp((log(adcVal) - 10.66) / (-1.123));
      |                       ^~~
../Core/Src/main.c:491:23: warning: incompatible implicit declaration of built-in function 'log'
../Core/Src/main.c:491:23: note: include '<math.h>' or provide a declaration of 'log'
../Core/Src/main.c: In function 'main':
../Core/Src/main.c:690:5: warning: "/*" within comment [-Wcomment]
  690 |    //*
      |      
../Core/Src/main.c: In function 'getBlocks':
../Core/Src/main.c:204:1: warning: control reaches end of non-void function [-Wreturn-type]
  204 | }
      | ^
arm-none-eabi-gcc -o "Project.elf" @"objects.list"   -mcpu=cortex-m4 -T"D:\EECS373\CatchBot\eecs373_CatchBot\Project\STM32L4R5ZITXP_FLASH.ld" --specs=nosys.specs -Wl,-Map="Project.map" -Wl,--gc-sections -static --specs=nano.specs -mfpu=fpv4-sp-d16 -mfloat-abi=hard -mthumb -u _printf_float -Wl,--start-group -lc -lm -Wl,--end-group
Finished building target: Project.elf
 
arm-none-eabi-size   Project.elf 
arm-none-eabi-objdump -h -S  Project.elf  > "Project.list"
   text	   data	    bss	    dec	    hex	filename
  46276	    484	   2204	  48964	   bf44	Project.elf
Finished building: default.size.stdout
 
Finished building: Project.list
 
13:14:34 **** Incremental Build of configuration Debug for project Project ****
make -j8 all 
arm-none-eabi-gcc "../Core/Src/main.c" -mcpu=cortex-m4 -std=gnu11 -g3 -DDEBUG -DUSE_HAL_DRIVER -DSTM32L4R5xx -c -I../Core/Inc -I../Drivers/STM32L4xx_HAL_Driver/Inc -I../Drivers/STM32L4xx_HAL_Driver/Inc/Legacy -I../Drivers/CMSIS/Device/ST/STM32L4xx/Include -I../Drivers/CMSIS/Include -O0 -ffunction-sections -fdata-sections -Wall -fstack-usage -MMD -MP -MF"Core/Src/main.d" -MT"Core/Src/main.o" --specs=nano.specs -mfpu=fpv4-sp-d16 -mfloat-abi=hard -mthumb -o "Core/Src/main.o"
../Core/Src/main.c: In function 'pixy_init':
../Core/Src/main.c:208:23: warning: implicit declaration of function 'malloc' [-Wimplicit-function-declaration]
  208 |   g_blocks = (Block *)malloc(sizeof(Block)*PIXY_ARRAYSIZE);
      |                       ^~~~~~
../Core/Src/main.c:208:23: warning: incompatible implicit declaration of built-in function 'malloc'
../Core/Src/main.c:72:1: note: include '<stdlib.h>' or provide a declaration of 'malloc'
   71 | #include "stdio.h"
  +++ |+#include <stdlib.h>
   72 | 
../Core/Src/main.c: In function 'UpdateState':
../Core/Src/main.c:262:3: warning: implicit declaration of function 'ResetAverage' [-Wimplicit-function-declaration]
  262 |   ResetAverage();
      |   ^~~~~~~~~~~~
../Core/Src/main.c: At top level:
../Core/Src/main.c:322:6: warning: conflicting types for 'ResetAverage'
  322 | void ResetAverage()
      |      ^~~~~~~~~~~~
../Core/Src/main.c:262:3: note: previous implicit declaration of 'ResetAverage' was here
  262 |   ResetAverage();
      |   ^~~~~~~~~~~~
../Core/Src/main.c: In function 'CheckIR':
../Core/Src/main.c:490:18: warning: implicit declaration of function 'exp' [-Wimplicit-function-declaration]
  490 |  float distVal = exp((log(adcVal) - 10.66) / (-1.123));
      |                  ^~~
../Core/Src/main.c:490:18: warning: incompatible implicit declaration of built-in function 'exp'
../Core/Src/main.c:72:1: note: include '<math.h>' or provide a declaration of 'exp'
   71 | #include "stdio.h"
  +++ |+#include <math.h>
   72 | 
../Core/Src/main.c:490:23: warning: implicit declaration of function 'log' [-Wimplicit-function-declaration]
  490 |  float distVal = exp((log(adcVal) - 10.66) / (-1.123));
      |                       ^~~
../Core/Src/main.c:490:23: warning: incompatible implicit declaration of built-in function 'log'
../Core/Src/main.c:490:23: note: include '<math.h>' or provide a declaration of 'log'
../Core/Src/main.c: In function 'main':
../Core/Src/main.c:689:5: warning: "/*" within comment [-Wcomment]
  689 |    //*
      |      
../Core/Src/main.c: In function 'getBlocks':
../Core/Src/main.c:204:1: warning: control reaches end of non-void function [-Wreturn-type]
  204 | }
      | ^
arm-none-eabi-gcc -o "Project.elf" @"objects.list"   -mcpu=cortex-m4 -T"D:\EECS373\CatchBot\eecs373_CatchBot\Project\STM32L4R5ZITXP_FLASH.ld" --specs=nosys.specs -Wl,-Map="Project.map" -Wl,--gc-sections -static --specs=nano.specs -mfpu=fpv4-sp-d16 -mfloat-abi=hard -mthumb -u _printf_float -Wl,--start-group -lc -lm -Wl,--end-group
Finished building target: Project.elf
 
arm-none-eabi-size   Project.elf 
arm-none-eabi-objdump -h -S  Project.elf  > "Project.list"
   text	   data	    bss	    dec	    hex	filename
  46252	    484	   2204	  48940	   bf2c	Project.elf
Finished building: default.size.stdout
 
Finished building: Project.list
 
13:17:49 **** Incremental Build of configuration Debug for project Project ****
make -j8 all 
arm-none-eabi-gcc "../Core/Src/main.c" -mcpu=cortex-m4 -std=gnu11 -g3 -DDEBUG -DUSE_HAL_DRIVER -DSTM32L4R5xx -c -I../Core/Inc -I../Drivers/STM32L4xx_HAL_Driver/Inc -I../Drivers/STM32L4xx_HAL_Driver/Inc/Legacy -I../Drivers/CMSIS/Device/ST/STM32L4xx/Include -I../Drivers/CMSIS/Include -O0 -ffunction-sections -fdata-sections -Wall -fstack-usage -MMD -MP -MF"Core/Src/main.d" -MT"Core/Src/main.o" --specs=nano.specs -mfpu=fpv4-sp-d16 -mfloat-abi=hard -mthumb -o "Core/Src/main.o"
../Core/Src/main.c: In function 'pixy_init':
../Core/Src/main.c:208:23: warning: implicit declaration of function 'malloc' [-Wimplicit-function-declaration]
  208 |   g_blocks = (Block *)malloc(sizeof(Block)*PIXY_ARRAYSIZE);
      |                       ^~~~~~
../Core/Src/main.c:208:23: warning: incompatible implicit declaration of built-in function 'malloc'
../Core/Src/main.c:72:1: note: include '<stdlib.h>' or provide a declaration of 'malloc'
   71 | #include "stdio.h"
  +++ |+#include <stdlib.h>
   72 | 
../Core/Src/main.c: In function 'UpdateState':
../Core/Src/main.c:262:3: warning: implicit declaration of function 'ResetAverage' [-Wimplicit-function-declaration]
  262 |   ResetAverage();
      |   ^~~~~~~~~~~~
../Core/Src/main.c: At top level:
../Core/Src/main.c:322:6: warning: conflicting types for 'ResetAverage'
  322 | void ResetAverage()
      |      ^~~~~~~~~~~~
../Core/Src/main.c:262:3: note: previous implicit declaration of 'ResetAverage' was here
  262 |   ResetAverage();
      |   ^~~~~~~~~~~~
../Core/Src/main.c: In function 'CheckIR':
../Core/Src/main.c:490:18: warning: implicit declaration of function 'exp' [-Wimplicit-function-declaration]
  490 |  float distVal = exp((log(adcVal) - 10.66) / (-1.123));
      |                  ^~~
../Core/Src/main.c:490:18: warning: incompatible implicit declaration of built-in function 'exp'
../Core/Src/main.c:72:1: note: include '<math.h>' or provide a declaration of 'exp'
   71 | #include "stdio.h"
  +++ |+#include <math.h>
   72 | 
../Core/Src/main.c:490:23: warning: implicit declaration of function 'log' [-Wimplicit-function-declaration]
  490 |  float distVal = exp((log(adcVal) - 10.66) / (-1.123));
      |                       ^~~
../Core/Src/main.c:490:23: warning: incompatible implicit declaration of built-in function 'log'
../Core/Src/main.c:490:23: note: include '<math.h>' or provide a declaration of 'log'
../Core/Src/main.c: In function 'main':
../Core/Src/main.c:688:5: warning: "/*" within comment [-Wcomment]
  688 |    //*
      |      
../Core/Src/main.c: In function 'getBlocks':
../Core/Src/main.c:204:1: warning: control reaches end of non-void function [-Wreturn-type]
  204 | }
      | ^
arm-none-eabi-gcc -o "Project.elf" @"objects.list"   -mcpu=cortex-m4 -T"D:\EECS373\CatchBot\eecs373_CatchBot\Project\STM32L4R5ZITXP_FLASH.ld" --specs=nosys.specs -Wl,-Map="Project.map" -Wl,--gc-sections -static --specs=nano.specs -mfpu=fpv4-sp-d16 -mfloat-abi=hard -mthumb -u _printf_float -Wl,--start-group -lc -lm -Wl,--end-group
Finished building target: Project.elf
 
arm-none-eabi-size   Project.elf 
arm-none-eabi-objdump -h -S  Project.elf  > "Project.list"
   text	   data	    bss	    dec	    hex	filename
  46236	    484	   2204	  48924	   bf1c	Project.elf
Finished building: default.size.stdout
 
Finished building: Project.list
 
13:20:48 **** Incremental Build of configuration Debug for project Project ****
make -j8 all 
arm-none-eabi-gcc "../Core/Src/main.c" -mcpu=cortex-m4 -std=gnu11 -g3 -DDEBUG -DUSE_HAL_DRIVER -DSTM32L4R5xx -c -I../Core/Inc -I../Drivers/STM32L4xx_HAL_Driver/Inc -I../Drivers/STM32L4xx_HAL_Driver/Inc/Legacy -I../Drivers/CMSIS/Device/ST/STM32L4xx/Include -I../Drivers/CMSIS/Include -O0 -ffunction-sections -fdata-sections -Wall -fstack-usage -MMD -MP -MF"Core/Src/main.d" -MT"Core/Src/main.o" --specs=nano.specs -mfpu=fpv4-sp-d16 -mfloat-abi=hard -mthumb -o "Core/Src/main.o"
../Core/Src/main.c: In function 'pixy_init':
../Core/Src/main.c:208:23: warning: implicit declaration of function 'malloc' [-Wimplicit-function-declaration]
  208 |   g_blocks = (Block *)malloc(sizeof(Block)*PIXY_ARRAYSIZE);
      |                       ^~~~~~
../Core/Src/main.c:208:23: warning: incompatible implicit declaration of built-in function 'malloc'
../Core/Src/main.c:72:1: note: include '<stdlib.h>' or provide a declaration of 'malloc'
   71 | #include "stdio.h"
  +++ |+#include <stdlib.h>
   72 | 
../Core/Src/main.c: In function 'UpdateState':
../Core/Src/main.c:262:3: warning: implicit declaration of function 'ResetAverage' [-Wimplicit-function-declaration]
  262 |   ResetAverage();
      |   ^~~~~~~~~~~~
../Core/Src/main.c: At top level:
../Core/Src/main.c:322:6: warning: conflicting types for 'ResetAverage'
  322 | void ResetAverage()
      |      ^~~~~~~~~~~~
../Core/Src/main.c:262:3: note: previous implicit declaration of 'ResetAverage' was here
  262 |   ResetAverage();
      |   ^~~~~~~~~~~~
../Core/Src/main.c: In function 'CheckIR':
../Core/Src/main.c:490:18: warning: implicit declaration of function 'exp' [-Wimplicit-function-declaration]
  490 |  float distVal = exp((log(adcVal) - 10.66) / (-1.123));
      |                  ^~~
../Core/Src/main.c:490:18: warning: incompatible implicit declaration of built-in function 'exp'
../Core/Src/main.c:72:1: note: include '<math.h>' or provide a declaration of 'exp'
   71 | #include "stdio.h"
  +++ |+#include <math.h>
   72 | 
../Core/Src/main.c:490:23: warning: implicit declaration of function 'log' [-Wimplicit-function-declaration]
  490 |  float distVal = exp((log(adcVal) - 10.66) / (-1.123));
      |                       ^~~
../Core/Src/main.c:490:23: warning: incompatible implicit declaration of built-in function 'log'
../Core/Src/main.c:490:23: note: include '<math.h>' or provide a declaration of 'log'
../Core/Src/main.c: In function 'main':
../Core/Src/main.c:688:5: warning: "/*" within comment [-Wcomment]
  688 |    //*
      |      
../Core/Src/main.c: In function 'getBlocks':
../Core/Src/main.c:204:1: warning: control reaches end of non-void function [-Wreturn-type]
  204 | }
      | ^
arm-none-eabi-gcc -o "Project.elf" @"objects.list"   -mcpu=cortex-m4 -T"D:\EECS373\CatchBot\eecs373_CatchBot\Project\STM32L4R5ZITXP_FLASH.ld" --specs=nosys.specs -Wl,-Map="Project.map" -Wl,--gc-sections -static --specs=nano.specs -mfpu=fpv4-sp-d16 -mfloat-abi=hard -mthumb -u _printf_float -Wl,--start-group -lc -lm -Wl,--end-group
Finished building target: Project.elf
 
arm-none-eabi-size   Project.elf 
arm-none-eabi-objdump -h -S  Project.elf  > "Project.list"
   text	   data	    bss	    dec	    hex	filename
  46236	    484	   2204	  48924	   bf1c	Project.elf
Finished building: default.size.stdout
 
Finished building: Project.list
 
13:24:09 **** Incremental Build of configuration Debug for project Project ****
make -j8 all 
arm-none-eabi-gcc "../Core/Src/main.c" -mcpu=cortex-m4 -std=gnu11 -g3 -DDEBUG -DUSE_HAL_DRIVER -DSTM32L4R5xx -c -I../Core/Inc -I../Drivers/STM32L4xx_HAL_Driver/Inc -I../Drivers/STM32L4xx_HAL_Driver/Inc/Legacy -I../Drivers/CMSIS/Device/ST/STM32L4xx/Include -I../Drivers/CMSIS/Include -O0 -ffunction-sections -fdata-sections -Wall -fstack-usage -MMD -MP -MF"Core/Src/main.d" -MT"Core/Src/main.o" --specs=nano.specs -mfpu=fpv4-sp-d16 -mfloat-abi=hard -mthumb -o "Core/Src/main.o"
../Core/Src/main.c: In function 'pixy_init':
../Core/Src/main.c:208:23: warning: implicit declaration of function 'malloc' [-Wimplicit-function-declaration]
  208 |   g_blocks = (Block *)malloc(sizeof(Block)*PIXY_ARRAYSIZE);
      |                       ^~~~~~
../Core/Src/main.c:208:23: warning: incompatible implicit declaration of built-in function 'malloc'
../Core/Src/main.c:72:1: note: include '<stdlib.h>' or provide a declaration of 'malloc'
   71 | #include "stdio.h"
  +++ |+#include <stdlib.h>
   72 | 
../Core/Src/main.c: In function 'UpdateState':
../Core/Src/main.c:262:3: warning: implicit declaration of function 'ResetAverage' [-Wimplicit-function-declaration]
  262 |   ResetAverage();
      |   ^~~~~~~~~~~~
../Core/Src/main.c: At top level:
../Core/Src/main.c:322:6: warning: conflicting types for 'ResetAverage'
  322 | void ResetAverage()
      |      ^~~~~~~~~~~~
../Core/Src/main.c:262:3: note: previous implicit declaration of 'ResetAverage' was here
  262 |   ResetAverage();
      |   ^~~~~~~~~~~~
../Core/Src/main.c: In function 'CheckIR':
../Core/Src/main.c:490:18: warning: implicit declaration of function 'exp' [-Wimplicit-function-declaration]
  490 |  float distVal = exp((log(adcVal) - 10.66) / (-1.123));
      |                  ^~~
../Core/Src/main.c:490:18: warning: incompatible implicit declaration of built-in function 'exp'
../Core/Src/main.c:72:1: note: include '<math.h>' or provide a declaration of 'exp'
   71 | #include "stdio.h"
  +++ |+#include <math.h>
   72 | 
../Core/Src/main.c:490:23: warning: implicit declaration of function 'log' [-Wimplicit-function-declaration]
  490 |  float distVal = exp((log(adcVal) - 10.66) / (-1.123));
      |                       ^~~
../Core/Src/main.c:490:23: warning: incompatible implicit declaration of built-in function 'log'
../Core/Src/main.c:490:23: note: include '<math.h>' or provide a declaration of 'log'
../Core/Src/main.c: In function 'main':
../Core/Src/main.c:688:5: warning: "/*" within comment [-Wcomment]
  688 |    //*
      |      
../Core/Src/main.c: In function 'getBlocks':
../Core/Src/main.c:204:1: warning: control reaches end of non-void function [-Wreturn-type]
  204 | }
      | ^
arm-none-eabi-gcc -o "Project.elf" @"objects.list"   -mcpu=cortex-m4 -T"D:\EECS373\CatchBot\eecs373_CatchBot\Project\STM32L4R5ZITXP_FLASH.ld" --specs=nosys.specs -Wl,-Map="Project.map" -Wl,--gc-sections -static --specs=nano.specs -mfpu=fpv4-sp-d16 -mfloat-abi=hard -mthumb -u _printf_float -Wl,--start-group -lc -lm -Wl,--end-group
Finished building target: Project.elf
 
arm-none-eabi-size   Project.elf 
arm-none-eabi-objdump -h -S  Project.elf  > "Project.list"
   text	   data	    bss	    dec	    hex	filename
  46236	    484	   2204	  48924	   bf1c	Project.elf
Finished building: default.size.stdout
 
Finished building: Project.list
 
