13:24:09 **** Incremental Build of configuration Debug for project Project ****
make -j8 all 
arm-none-eabi-gcc "../Core/Src/main.c" -mcpu=cortex-m4 -std=gnu11 -g3 -DDEBUG -DUSE_HAL_DRIVER -DSTM32L4R5xx -c -I../Core/Inc -I../Drivers/STM32L4xx_HAL_Driver/Inc -I../Drivers/STM32L4xx_HAL_Driver/Inc/Legacy -I../Drivers/CMSIS/Device/ST/STM32L4xx/Include -I../Drivers/CMSIS/Include -O0 -ffunction-sections -fdata-sections -Wall -fstack-usage -MMD -MP -MF"Core/Src/main.d" -MT"Core/Src/main.o" --specs=nano.specs -mfpu=fpv4-sp-d16 -mfloat-abi=hard -mthumb -o "Core/Src/main.o"
../Core/Src/main.c: In function 'pixy_init':
../Core/Src/main.c:208:23: warning: implicit declaration of function 'malloc' [-Wimplicit-function-declaration]
  208 |   g_blocks = (Block *)malloc(sizeof(Block)*PIXY_ARRAYSIZE);
      |                       ^~~~~~
../Core/Src/main.c:208:23: warning: incompatible implicit declaration of built-in function 'malloc'
../Core/Src/main.c:72:1: note: include '<stdlib.h>' or provide a declaration of 'malloc'
   71 | #include "stdio.h"
  +++ |+#include <stdlib.h>
   72 | 
../Core/Src/main.c: In function 'UpdateState':
../Core/Src/main.c:262:3: warning: implicit declaration of function 'ResetAverage' [-Wimplicit-function-declaration]
  262 |   ResetAverage();
      |   ^~~~~~~~~~~~
../Core/Src/main.c: At top level:
../Core/Src/main.c:322:6: warning: conflicting types for 'ResetAverage'
  322 | void ResetAverage()
      |      ^~~~~~~~~~~~
../Core/Src/main.c:262:3: note: previous implicit declaration of 'ResetAverage' was here
  262 |   ResetAverage();
      |   ^~~~~~~~~~~~
../Core/Src/main.c: In function 'CheckIR':
../Core/Src/main.c:490:18: warning: implicit declaration of function 'exp' [-Wimplicit-function-declaration]
  490 |  float distVal = exp((log(adcVal) - 10.66) / (-1.123));
      |                  ^~~
../Core/Src/main.c:490:18: warning: incompatible implicit declaration of built-in function 'exp'
../Core/Src/main.c:72:1: note: include '<math.h>' or provide a declaration of 'exp'
   71 | #include "stdio.h"
  +++ |+#include <math.h>
   72 | 
../Core/Src/main.c:490:23: warning: implicit declaration of function 'log' [-Wimplicit-function-declaration]
  490 |  float distVal = exp((log(adcVal) - 10.66) / (-1.123));
      |                       ^~~
../Core/Src/main.c:490:23: warning: incompatible implicit declaration of built-in function 'log'
../Core/Src/main.c:490:23: note: include '<math.h>' or provide a declaration of 'log'
../Core/Src/main.c: In function 'main':
../Core/Src/main.c:688:5: warning: "/*" within comment [-Wcomment]
  688 |    //*
      |      
../Core/Src/main.c: In function 'getBlocks':
../Core/Src/main.c:204:1: warning: control reaches end of non-void function [-Wreturn-type]
  204 | }
      | ^
arm-none-eabi-gcc -o "Project.elf" @"objects.list"   -mcpu=cortex-m4 -T"D:\EECS373\CatchBot\eecs373_CatchBot\Project\STM32L4R5ZITXP_FLASH.ld" --specs=nosys.specs -Wl,-Map="Project.map" -Wl,--gc-sections -static --specs=nano.specs -mfpu=fpv4-sp-d16 -mfloat-abi=hard -mthumb -u _printf_float -Wl,--start-group -lc -lm -Wl,--end-group
Finished building target: Project.elf
 
arm-none-eabi-size   Project.elf 
arm-none-eabi-objdump -h -S  Project.elf  > "Project.list"
   text	   data	    bss	    dec	    hex	filename
  46236	    484	   2204	  48924	   bf1c	Project.elf
Finished building: default.size.stdout
 
Finished building: Project.list
 

13:24:10 Build Finished. 0 errors, 10 warnings. (took 1s.109ms)

