17:06:25 **** Incremental Build of configuration Debug for project Project ****
make -j8 all 
arm-none-eabi-gcc "../Core/Src/main.c" -mcpu=cortex-m4 -std=gnu11 -g3 -DDEBUG -DUSE_HAL_DRIVER -DSTM32L4R5xx -c -I../Core/Inc -I../Drivers/STM32L4xx_HAL_Driver/Inc -I../Drivers/STM32L4xx_HAL_Driver/Inc/Legacy -I../Drivers/CMSIS/Device/ST/STM32L4xx/Include -I../Drivers/CMSIS/Include -O0 -ffunction-sections -fdata-sections -Wall -fstack-usage -MMD -MP -MF"Core/Src/main.d" -MT"Core/Src/main.o" --specs=nano.specs -mfpu=fpv4-sp-d16 -mfloat-abi=hard -mthumb -o "Core/Src/main.o"
../Core/Src/main.c: In function 'pixy_init':
../Core/Src/main.c:210:23: warning: implicit declaration of function 'malloc' [-Wimplicit-function-declaration]
  210 |   g_blocks = (Block *)malloc(sizeof(Block)*PIXY_ARRAYSIZE);
      |                       ^~~~~~
../Core/Src/main.c:210:23: warning: incompatible implicit declaration of built-in function 'malloc'
../Core/Src/main.c:74:1: note: include '<stdlib.h>' or provide a declaration of 'malloc'
   73 | #include "stdio.h"
  +++ |+#include <stdlib.h>
   74 | 
../Core/Src/main.c: In function 'UpdateState':
../Core/Src/main.c:265:2: warning: implicit declaration of function 'ResetAverage' [-Wimplicit-function-declaration]
  265 |  ResetAverage();
      |  ^~~~~~~~~~~~
../Core/Src/main.c: At top level:
../Core/Src/main.c:377:6: warning: conflicting types for 'ResetAverage'
  377 | void ResetAverage()
      |      ^~~~~~~~~~~~
../Core/Src/main.c:265:2: note: previous implicit declaration of 'ResetAverage' was here
  265 |  ResetAverage();
      |  ^~~~~~~~~~~~
../Core/Src/main.c: In function 'CheckIR':
../Core/Src/main.c:545:18: warning: implicit declaration of function 'exp' [-Wimplicit-function-declaration]
  545 |  float distVal = exp((log(adcVal) - 10.66) / (-1.123));
      |                  ^~~
../Core/Src/main.c:545:18: warning: incompatible implicit declaration of built-in function 'exp'
../Core/Src/main.c:74:1: note: include '<math.h>' or provide a declaration of 'exp'
   73 | #include "stdio.h"
  +++ |+#include <math.h>
   74 | 
../Core/Src/main.c:545:23: warning: implicit declaration of function 'log' [-Wimplicit-function-declaration]
  545 |  float distVal = exp((log(adcVal) - 10.66) / (-1.123));
      |                       ^~~
../Core/Src/main.c:545:23: warning: incompatible implicit declaration of built-in function 'log'
../Core/Src/main.c:545:23: note: include '<math.h>' or provide a declaration of 'log'
../Core/Src/main.c: In function 'main':
../Core/Src/main.c:757:5: warning: "/*" within comment [-Wcomment]
  757 |    //*
      |      
../Core/Src/main.c: In function 'getBlocks':
../Core/Src/main.c:206:1: warning: control reaches end of non-void function [-Wreturn-type]
  206 | }
      | ^
arm-none-eabi-gcc -o "Project.elf" @"objects.list"   -mcpu=cortex-m4 -T"D:\EECS373\CatchBot\eecs373_CatchBot\Project\STM32L4R5ZITXP_FLASH.ld" --specs=nosys.specs -Wl,-Map="Project.map" -Wl,--gc-sections -static --specs=nano.specs -mfpu=fpv4-sp-d16 -mfloat-abi=hard -mthumb -u _printf_float -Wl,--start-group -lc -lm -Wl,--end-group
Finished building target: Project.elf
 
arm-none-eabi-size   Project.elf 
arm-none-eabi-objdump -h -S  Project.elf  > "Project.list"
   text	   data	    bss	    dec	    hex	filename
  46820	    492	   2284	  49596	   c1bc	Project.elf
Finished building: default.size.stdout
 
Finished building: Project.list
 

17:06:26 Build Finished. 0 errors, 10 warnings. (took 1s.56ms)

